Component: ARM Compiler 5.06 update 6 (build 750) Tool: armlink [4d35ed]

==============================================================================

Section Cross References

    stm32l4xx_nucleo_32.o(i.BSP_DIGIT4_SEG7_Display) refers to stm32l4xx_nucleo_32.o(i.I2C1_WriteBuffer) for I2C1_WriteBuffer
    stm32l4xx_nucleo_32.o(i.BSP_DIGIT4_SEG7_Init) refers to stm32l4xx_nucleo_32.o(i.I2C1_Init) for I2C1_Init
    stm32l4xx_nucleo_32.o(i.BSP_DIGIT4_SEG7_Init) refers to stm32l4xx_nucleo_32.o(i.I2C1_WriteBuffer) for I2C1_WriteBuffer
    stm32l4xx_nucleo_32.o(i.BSP_LED_Init) refers to stm32l4xx_hal_gpio.o(i.HAL_GPIO_Init) for HAL_GPIO_Init
    stm32l4xx_nucleo_32.o(i.BSP_LED_Init) refers to stm32l4xx_hal_gpio.o(i.HAL_GPIO_WritePin) for HAL_GPIO_WritePin
    stm32l4xx_nucleo_32.o(i.BSP_LED_Init) refers to stm32l4xx_nucleo_32.o(.constdata) for .constdata
    stm32l4xx_nucleo_32.o(i.BSP_LED_Init) refers to stm32l4xx_nucleo_32.o(.data) for .data
    stm32l4xx_nucleo_32.o(i.BSP_LED_Off) refers to stm32l4xx_hal_gpio.o(i.HAL_GPIO_WritePin) for HAL_GPIO_WritePin
    stm32l4xx_nucleo_32.o(i.BSP_LED_Off) refers to stm32l4xx_nucleo_32.o(.constdata) for .constdata
    stm32l4xx_nucleo_32.o(i.BSP_LED_Off) refers to stm32l4xx_nucleo_32.o(.data) for .data
    stm32l4xx_nucleo_32.o(i.BSP_LED_On) refers to stm32l4xx_hal_gpio.o(i.HAL_GPIO_WritePin) for HAL_GPIO_WritePin
    stm32l4xx_nucleo_32.o(i.BSP_LED_On) refers to stm32l4xx_nucleo_32.o(.constdata) for .constdata
    stm32l4xx_nucleo_32.o(i.BSP_LED_On) refers to stm32l4xx_nucleo_32.o(.data) for .data
    stm32l4xx_nucleo_32.o(i.BSP_LED_Toggle) refers to stm32l4xx_hal_gpio.o(i.HAL_GPIO_TogglePin) for HAL_GPIO_TogglePin
    stm32l4xx_nucleo_32.o(i.BSP_LED_Toggle) refers to stm32l4xx_nucleo_32.o(.constdata) for .constdata
    stm32l4xx_nucleo_32.o(i.BSP_LED_Toggle) refers to stm32l4xx_nucleo_32.o(.data) for .data
    stm32l4xx_nucleo_32.o(i.I2C1_Error) refers to stm32l4xx_hal_i2c.o(i.HAL_I2C_DeInit) for HAL_I2C_DeInit
    stm32l4xx_nucleo_32.o(i.I2C1_Error) refers to stm32l4xx_nucleo_32.o(i.I2C1_Init) for I2C1_Init
    stm32l4xx_nucleo_32.o(i.I2C1_Error) refers to stm32l4xx_nucleo_32.o(.bss) for .bss
    stm32l4xx_nucleo_32.o(i.I2C1_Init) refers to stm32l4xx_hal_i2c.o(i.HAL_I2C_GetState) for HAL_I2C_GetState
    stm32l4xx_nucleo_32.o(i.I2C1_Init) refers to stm32l4xx_nucleo_32.o(i.I2C1_MspInit) for I2C1_MspInit
    stm32l4xx_nucleo_32.o(i.I2C1_Init) refers to stm32l4xx_hal_i2c.o(i.HAL_I2C_Init) for HAL_I2C_Init
    stm32l4xx_nucleo_32.o(i.I2C1_Init) refers to stm32l4xx_nucleo_32.o(.bss) for .bss
    stm32l4xx_nucleo_32.o(i.I2C1_IsDeviceReady) refers to stm32l4xx_hal_i2c.o(i.HAL_I2C_IsDeviceReady) for HAL_I2C_IsDeviceReady
    stm32l4xx_nucleo_32.o(i.I2C1_IsDeviceReady) refers to stm32l4xx_nucleo_32.o(.data) for .data
    stm32l4xx_nucleo_32.o(i.I2C1_IsDeviceReady) refers to stm32l4xx_nucleo_32.o(.bss) for .bss
    stm32l4xx_nucleo_32.o(i.I2C1_MspInit) refers to stm32l4xx_hal_rcc_ex.o(i.HAL_RCCEx_PeriphCLKConfig) for HAL_RCCEx_PeriphCLKConfig
    stm32l4xx_nucleo_32.o(i.I2C1_MspInit) refers to stm32l4xx_hal_gpio.o(i.HAL_GPIO_Init) for HAL_GPIO_Init
    stm32l4xx_nucleo_32.o(i.I2C1_Read) refers to stm32l4xx_hal_i2c.o(i.HAL_I2C_Mem_Read) for HAL_I2C_Mem_Read
    stm32l4xx_nucleo_32.o(i.I2C1_Read) refers to stm32l4xx_nucleo_32.o(i.I2C1_Error) for I2C1_Error
    stm32l4xx_nucleo_32.o(i.I2C1_Read) refers to stm32l4xx_nucleo_32.o(.data) for .data
    stm32l4xx_nucleo_32.o(i.I2C1_Read) refers to stm32l4xx_nucleo_32.o(.bss) for .bss
    stm32l4xx_nucleo_32.o(i.I2C1_ReadBuffer) refers to stm32l4xx_hal_i2c.o(i.HAL_I2C_Mem_Read) for HAL_I2C_Mem_Read
    stm32l4xx_nucleo_32.o(i.I2C1_ReadBuffer) refers to stm32l4xx_nucleo_32.o(i.I2C1_Error) for I2C1_Error
    stm32l4xx_nucleo_32.o(i.I2C1_ReadBuffer) refers to stm32l4xx_nucleo_32.o(.data) for .data
    stm32l4xx_nucleo_32.o(i.I2C1_ReadBuffer) refers to stm32l4xx_nucleo_32.o(.bss) for .bss
    stm32l4xx_nucleo_32.o(i.I2C1_Write) refers to stm32l4xx_hal_i2c.o(i.HAL_I2C_Mem_Write) for HAL_I2C_Mem_Write
    stm32l4xx_nucleo_32.o(i.I2C1_Write) refers to stm32l4xx_nucleo_32.o(i.I2C1_Error) for I2C1_Error
    stm32l4xx_nucleo_32.o(i.I2C1_Write) refers to stm32l4xx_nucleo_32.o(.data) for .data
    stm32l4xx_nucleo_32.o(i.I2C1_Write) refers to stm32l4xx_nucleo_32.o(.bss) for .bss
    stm32l4xx_nucleo_32.o(i.I2C1_WriteBuffer) refers to stm32l4xx_hal_i2c.o(i.HAL_I2C_Mem_Write) for HAL_I2C_Mem_Write
    stm32l4xx_nucleo_32.o(i.I2C1_WriteBuffer) refers to stm32l4xx_nucleo_32.o(i.I2C1_Error) for I2C1_Error
    stm32l4xx_nucleo_32.o(i.I2C1_WriteBuffer) refers to stm32l4xx_nucleo_32.o(.data) for .data
    stm32l4xx_nucleo_32.o(i.I2C1_WriteBuffer) refers to stm32l4xx_nucleo_32.o(.bss) for .bss
    startup_stm32l432xx.o(RESET) refers to startup_stm32l432xx.o(STACK) for __initial_sp
    startup_stm32l432xx.o(RESET) refers to startup_stm32l432xx.o(.text) for Reset_Handler
    startup_stm32l432xx.o(RESET) refers to stm32l4xx_it.o(i.NMI_Handler) for NMI_Handler
[...]
    Removing stm32l4xx_hal.o(i.HAL_GetTickFreq), (12 bytes).
    Removing stm32l4xx_hal.o(i.HAL_GetTickPrio), (12 bytes).
    Removing stm32l4xx_hal.o(i.HAL_GetUIDw0), (12 bytes).
    Removing stm32l4xx_hal.o(i.HAL_GetUIDw1), (12 bytes).
    Removing stm32l4xx_hal.o(i.HAL_GetUIDw2), (12 bytes).
    Removing stm32l4xx_hal.o(i.HAL_MspDeInit), (2 bytes).
    Removing stm32l4xx_hal.o(i.HAL_ResumeTick), (14 bytes).
    Removing stm32l4xx_hal.o(i.HAL_SYSCFG_DisableIOAnalogSwitchBooster), (16 bytes).
    Removing stm32l4xx_hal.o(i.HAL_SYSCFG_DisableMemorySwappingBank), (12 bytes).
    Removing stm32l4xx_hal.o(i.HAL_SYSCFG_EnableIOAnalogSwitchBooster), (16 bytes).
    Removing stm32l4xx_hal.o(i.HAL_SYSCFG_EnableMemorySwappingBank), (12 bytes).
    Removing stm32l4xx_hal.o(i.HAL_SYSCFG_SRAM2Erase), (28 bytes).
    Removing stm32l4xx_hal.o(i.HAL_SetTickFreq), (32 bytes).
    Removing stm32l4xx_hal.o(i.HAL_SuspendTick), (14 bytes).
    Removing stm32l4xx_hal_dma.o(.rev16_text), (4 bytes).
    Removing stm32l4xx_hal_dma.o(.revsh_text), (4 bytes).
    Removing stm32l4xx_hal_dma.o(.rrx_text), (6 bytes).
    Removing stm32l4xx_hal_dma.o(i.DMA_SetConfig), (46 bytes).
    Removing stm32l4xx_hal_dma.o(i.HAL_DMA_Abort), (74 bytes).
    Removing stm32l4xx_hal_dma.o(i.HAL_DMA_Abort_IT), (78 bytes).
    Removing stm32l4xx_hal_dma.o(i.HAL_DMA_DeInit), (156 bytes).
    Removing stm32l4xx_hal_dma.o(i.HAL_DMA_GetError), (4 bytes).
    Removing stm32l4xx_hal_dma.o(i.HAL_DMA_GetState), (6 bytes).
    Removing stm32l4xx_hal_dma.o(i.HAL_DMA_IRQHandler), (186 bytes).
    Removing stm32l4xx_hal_dma.o(i.HAL_DMA_Init), (192 bytes).
    Removing stm32l4xx_hal_dma.o(i.HAL_DMA_PollForTransfer), (222 bytes).
    Removing stm32l4xx_hal_dma.o(i.HAL_DMA_RegisterCallback), (74 bytes).
    Removing stm32l4xx_hal_dma.o(i.HAL_DMA_Start), (80 bytes).
    Removing stm32l4xx_hal_dma.o(i.HAL_DMA_Start_IT), (112 bytes).
    Removing stm32l4xx_hal_dma.o(i.HAL_DMA_UnRegisterCallback), (82 bytes).
    Removing stm32l4xx_hal_qspi.o(.rev16_text), (4 bytes).
    Removing stm32l4xx_hal_qspi.o(.revsh_text), (4 bytes).
    Removing stm32l4xx_hal_qspi.o(.rrx_text), (6 bytes).
    Removing stm32l4xx_hal_qspi.o(i.HAL_QSPI_Abort), (134 bytes).
    Removing stm32l4xx_hal_qspi.o(i.HAL_QSPI_AbortCpltCallback), (2 bytes).
    Removing stm32l4xx_hal_qspi.o(i.HAL_QSPI_Abort_IT), (112 bytes).
    Removing stm32l4xx_hal_qspi.o(i.HAL_QSPI_AutoPolling), (178 bytes).
    Removing stm32l4xx_hal_qspi.o(i.HAL_QSPI_AutoPolling_IT), (160 bytes).
    Removing stm32l4xx_hal_qspi.o(i.HAL_QSPI_CmdCpltCallback), (2 bytes).
    Removing stm32l4xx_hal_qspi.o(i.HAL_QSPI_Command), (140 bytes).
    Removing stm32l4xx_hal_qspi.o(i.HAL_QSPI_Command_IT), (128 bytes).
    Removing stm32l4xx_hal_qspi.o(i.HAL_QSPI_DeInit), (58 bytes).
    Removing stm32l4xx_hal_qspi.o(i.HAL_QSPI_ErrorCallback), (2 bytes).
    Removing stm32l4xx_hal_qspi.o(i.HAL_QSPI_FifoThresholdCallback), (2 bytes).
    Removing stm32l4xx_hal_qspi.o(i.HAL_QSPI_GetError), (4 bytes).
    Removing stm32l4xx_hal_qspi.o(i.HAL_QSPI_GetFifoThreshold), (12 bytes).
    Removing stm32l4xx_hal_qspi.o(i.HAL_QSPI_GetState), (6 bytes).
    Removing stm32l4xx_hal_qspi.o(i.HAL_QSPI_IRQHandler), (484 bytes).
    Removing stm32l4xx_hal_qspi.o(i.HAL_QSPI_Init), (184 bytes).
    Removing stm32l4xx_hal_qspi.o(i.HAL_QSPI_MemoryMapped), (140 bytes).
    Removing stm32l4xx_hal_qspi.o(i.HAL_QSPI_MspDeInit), (2 bytes).
    Removing stm32l4xx_hal_qspi.o(i.HAL_QSPI_MspInit), (2 bytes).
    Removing stm32l4xx_hal_qspi.o(i.HAL_QSPI_Receive), (196 bytes).
    Removing stm32l4xx_hal_qspi.o(i.HAL_QSPI_Receive_DMA), (276 bytes).
    Removing stm32l4xx_hal_qspi.o(i.HAL_QSPI_Receive_IT), (120 bytes).
    Removing stm32l4xx_hal_qspi.o(i.HAL_QSPI_RxCpltCallback), (2 bytes).
    Removing stm32l4xx_hal_qspi.o(i.HAL_QSPI_RxHalfCpltCallback), (2 bytes).
    Removing stm32l4xx_hal_qspi.o(i.HAL_QSPI_SetFifoThreshold), (66 bytes).
    Removing stm32l4xx_hal_qspi.o(i.HAL_QSPI_SetFlashID), (58 bytes).
    Removing stm32l4xx_hal_qspi.o(i.HAL_QSPI_SetTimeout), (4 bytes).
    Removing stm32l4xx_hal_qspi.o(i.HAL_QSPI_StatusMatchCallback), (2 bytes).
    Removing stm32l4xx_hal_qspi.o(i.HAL_QSPI_TimeOutCallback), (2 bytes).
    Removing stm32l4xx_hal_qspi.o(i.HAL_QSPI_Transmit), (188 bytes).
    Removing stm32l4xx_hal_qspi.o(i.HAL_QSPI_Transmit_DMA), (256 bytes).
    Removing stm32l4xx_hal_qspi.o(i.HAL_QSPI_Transmit_IT), (110 bytes).
    Removing stm32l4xx_hal_qspi.o(i.HAL_QSPI_TxCpltCallback), (2 bytes).
    Removing stm32l4xx_hal_qspi.o(i.HAL_QSPI_TxHalfCpltCallback), (2 bytes).
    Removing stm32l4xx_hal_qspi.o(i.QSPI_Config), (350 bytes).
    Removing stm32l4xx_hal_qspi.o(i.QSPI_DMAAbortCplt), (58 bytes).
    Removing stm32l4xx_hal_qspi.o(i.QSPI_DMAError), (30 bytes).
    Removing stm32l4xx_hal_qspi.o(i.QSPI_DMARxCplt), (18 bytes).
    Removing stm32l4xx_hal_qspi.o(i.QSPI_DMARxHalfCplt), (10 bytes).
    Removing stm32l4xx_hal_qspi.o(i.QSPI_DMATxCplt), (18 bytes).
    Removing stm32l4xx_hal_qspi.o(i.QSPI_DMATxHalfCplt), (10 bytes).
    Removing stm32l4xx_hal_qspi.o(i.QSPI_WaitFlagStateUntilTimeout), (72 bytes).
    Removing stm32l4xx_hal_adc_ex.o(.rev16_text), (4 bytes).
    Removing stm32l4xx_hal_adc_ex.o(.revsh_text), (4 bytes).
    Removing stm32l4xx_hal_adc_ex.o(.rrx_text), (6 bytes).
    Removing stm32l4xx_hal_adc_ex.o(i.HAL_ADCEx_Calibration_GetValue), (22 bytes).
    Removing stm32l4xx_hal_adc_ex.o(i.HAL_ADCEx_Calibration_SetValue), (122 bytes).
    Removing stm32l4xx_hal_adc_ex.o(i.HAL_ADCEx_Calibration_Start), (144 bytes).
    Removing stm32l4xx_hal_adc_ex.o(i.HAL_ADCEx_DisableInjectedQueue), (48 bytes).
    Removing stm32l4xx_hal_adc_ex.o(i.HAL_ADCEx_DisableVoltageRegulator), (32 bytes).
    Removing stm32l4xx_hal_adc_ex.o(i.HAL_ADCEx_EnableInjectedQueue), (48 bytes).
    Removing stm32l4xx_hal_adc_ex.o(i.HAL_ADCEx_EndOfSamplingCallback), (2 bytes).
    Removing stm32l4xx_hal_adc_ex.o(i.HAL_ADCEx_EnterADCDeepPowerDownMode), (36 bytes).
    Removing stm32l4xx_hal_adc_ex.o(i.HAL_ADCEx_InjectedConfigChannel), (1194 bytes).
    Removing stm32l4xx_hal_adc_ex.o(i.HAL_ADCEx_InjectedConvCpltCallback), (2 bytes).
    Removing stm32l4xx_hal_adc_ex.o(i.HAL_ADCEx_InjectedGetValue), (46 bytes).
    Removing stm32l4xx_hal_adc_ex.o(i.HAL_ADCEx_InjectedPollForConversion), (178 bytes).
    Removing stm32l4xx_hal_adc_ex.o(i.HAL_ADCEx_InjectedQueueOverflowCallback), (2 bytes).
    Removing stm32l4xx_hal_adc_ex.o(i.HAL_ADCEx_InjectedStart), (152 bytes).
    Removing stm32l4xx_hal_adc_ex.o(i.HAL_ADCEx_InjectedStart_IT), (212 bytes).
    Removing stm32l4xx_hal_adc_ex.o(i.HAL_ADCEx_InjectedStop), (84 bytes).
    Removing stm32l4xx_hal_adc_ex.o(i.HAL_ADCEx_InjectedStop_IT), (94 bytes).
    Removing stm32l4xx_hal_adc_ex.o(i.HAL_ADCEx_LevelOutOfWindow2Callback), (2 bytes).
    Removing stm32l4xx_hal_adc_ex.o(i.HAL_ADCEx_LevelOutOfWindow3Callback), (2 bytes).
    Removing stm32l4xx_hal_adc_ex.o(i.HAL_ADCEx_RegularStop), (92 bytes).
    Removing stm32l4xx_hal_adc_ex.o(i.HAL_ADCEx_RegularStop_DMA), (138 bytes).
    Removing stm32l4xx_hal_adc_ex.o(i.HAL_ADCEx_RegularStop_IT), (102 bytes).
    Removing stm32l4xx_hal_adc_ex.o(i.LL_ADC_GetOffsetChannel), (12 bytes).
    Removing stm32l4xx_hal_adc_ex.o(i.LL_ADC_INJ_IsConversionOngoing), (8 bytes).
    Removing stm32l4xx_hal_adc_ex.o(i.LL_ADC_REG_IsConversionOngoing), (8 bytes).
    Removing stm32l4xx_hal_adc_ex.o(i.LL_ADC_SetChannelSamplingTime), (30 bytes).
    Removing stm32l4xx_hal_adc_ex.o(i.LL_ADC_SetOffsetState), (16 bytes).
    Removing stm32l4xx_hal_i2c_ex.o(.rev16_text), (4 bytes).
    Removing stm32l4xx_hal_i2c_ex.o(.revsh_text), (4 bytes).
    Removing stm32l4xx_hal_i2c_ex.o(.rrx_text), (6 bytes).
    Removing stm32l4xx_hal_i2c_ex.o(i.HAL_I2CEx_ConfigAnalogFilter), (86 bytes).
    Removing stm32l4xx_hal_i2c_ex.o(i.HAL_I2CEx_ConfigDigitalFilter), (82 bytes).
    Removing stm32l4xx_hal_i2c_ex.o(i.HAL_I2CEx_DisableFastModePlus), (40 bytes).
    Removing stm32l4xx_hal_i2c_ex.o(i.HAL_I2CEx_DisableWakeUp), (78 bytes).
    Removing stm32l4xx_hal_i2c_ex.o(i.HAL_I2CEx_EnableFastModePlus), (40 bytes).
    Removing stm32l4xx_hal_i2c_ex.o(i.HAL_I2CEx_EnableWakeUp), (78 bytes).
    Removing stm32l4xx_hal_sd.o(.rev16_text), (4 bytes).
    Removing stm32l4xx_hal_sd.o(.revsh_text), (4 bytes).
    Removing stm32l4xx_hal_sd.o(.rrx_text), (6 bytes).
    Removing stm32l4xx_hal_firewall.o(.rev16_text), (4 bytes).
    Removing stm32l4xx_hal_firewall.o(.revsh_text), (4 bytes).
    Removing stm32l4xx_hal_firewall.o(.rrx_text), (6 bytes).
    Removing stm32l4xx_hal_firewall.o(i.HAL_FIREWALL_Config), (152 bytes).
    Removing stm32l4xx_hal_firewall.o(i.HAL_FIREWALL_DisablePreArmFlag), (16 bytes).
    Removing stm32l4xx_hal_firewall.o(i.HAL_FIREWALL_EnableFirewall), (16 bytes).
    Removing stm32l4xx_hal_firewall.o(i.HAL_FIREWALL_EnablePreArmFlag), (16 bytes).
    Removing stm32l4xx_hal_firewall.o(i.HAL_FIREWALL_GetConfig), (128 bytes).
    Removing stm32l4xx_hal_comp.o(.rev16_text), (4 bytes).
    Removing stm32l4xx_hal_comp.o(.revsh_text), (4 bytes).
    Removing stm32l4xx_hal_comp.o(.rrx_text), (6 bytes).
    Removing stm32l4xx_hal_comp.o(i.HAL_COMP_DeInit), (44 bytes).
    Removing stm32l4xx_hal_comp.o(i.HAL_COMP_GetError), (4 bytes).
    Removing stm32l4xx_hal_comp.o(i.HAL_COMP_GetOutputLevel), (10 bytes).
    Removing stm32l4xx_hal_comp.o(i.HAL_COMP_GetState), (10 bytes).
    Removing stm32l4xx_hal_comp.o(i.HAL_COMP_IRQHandler), (64 bytes).
    Removing stm32l4xx_hal_comp.o(i.HAL_COMP_Init), (336 bytes).
    Removing stm32l4xx_hal_comp.o(i.HAL_COMP_Lock), (52 bytes).
    Removing stm32l4xx_hal_comp.o(i.HAL_COMP_MspDeInit), (2 bytes).
    Removing stm32l4xx_hal_comp.o(i.HAL_COMP_MspInit), (2 bytes).
    Removing stm32l4xx_hal_comp.o(i.HAL_COMP_Start), (80 bytes).
    Removing stm32l4xx_hal_comp.o(i.HAL_COMP_Stop), (44 bytes).
    Removing stm32l4xx_hal_comp.o(i.HAL_COMP_TriggerCallback), (2 bytes).
    Removing stm32l4xx_hal_uart.o(.rev16_text), (4 bytes).
    Removing stm32l4xx_hal_uart.o(.revsh_text), (4 bytes).
    Removing stm32l4xx_hal_uart.o(.rrx_text), (6 bytes).
    Removing stm32l4xx_hal_uart.o(i.HAL_HalfDuplex_EnableReceiver), (56 bytes).
    Removing stm32l4xx_hal_uart.o(i.HAL_HalfDuplex_EnableTransmitter), (56 bytes).
    Removing stm32l4xx_hal_uart.o(i.HAL_HalfDuplex_Init), (112 bytes).
    Removing stm32l4xx_hal_uart.o(i.HAL_LIN_Init), (136 bytes).
    Removing stm32l4xx_hal_uart.o(i.HAL_LIN_SendBreak), (46 bytes).
    Removing stm32l4xx_hal_uart.o(i.HAL_MultiProcessor_DisableMuteMode), (40 bytes).
    Removing stm32l4xx_hal_uart.o(i.HAL_MultiProcessor_EnableMuteMode), (40 bytes).
    Removing stm32l4xx_hal_uart.o(i.HAL_MultiProcessor_EnterMuteMode), (12 bytes).
    Removing stm32l4xx_hal_uart.o(i.HAL_MultiProcessor_Init), (134 bytes).
    Removing stm32l4xx_hal_uart.o(i.HAL_UART_Abort), (154 bytes).
    Removing stm32l4xx_hal_uart.o(i.HAL_UART_AbortCpltCallback), (2 bytes).
    Removing stm32l4xx_hal_uart.o(i.HAL_UART_AbortReceive), (104 bytes).
    Removing stm32l4xx_hal_uart.o(i.HAL_UART_AbortReceiveCpltCallback), (2 bytes).
    Removing stm32l4xx_hal_uart.o(i.HAL_UART_AbortReceive_IT), (124 bytes).
    Removing stm32l4xx_hal_uart.o(i.HAL_UART_AbortTransmit), (78 bytes).
    Removing stm32l4xx_hal_uart.o(i.HAL_UART_AbortTransmitCpltCallback), (2 bytes).
    Removing stm32l4xx_hal_uart.o(i.HAL_UART_AbortTransmit_IT), (84 bytes).
    Removing stm32l4xx_hal_uart.o(i.HAL_UART_Abort_IT), (192 bytes).
    Removing stm32l4xx_hal_uart.o(i.HAL_UART_DMAPause), (96 bytes).
    Removing stm32l4xx_hal_uart.o(i.HAL_UART_DMAResume), (88 bytes).
    Removing stm32l4xx_hal_uart.o(i.HAL_UART_DMAStop), (114 bytes).
    Removing stm32l4xx_hal_uart.o(i.HAL_UART_DeInit), (58 bytes).
    Removing stm32l4xx_hal_uart.o(i.HAL_UART_DisableReceiverTimeout), (64 bytes).
    Removing stm32l4xx_hal_uart.o(i.HAL_UART_EnableReceiverTimeout), (64 bytes).
    Removing stm32l4xx_hal_uart.o(i.HAL_UART_ErrorCallback), (2 bytes).
    Removing stm32l4xx_hal_uart.o(i.HAL_UART_GetError), (4 bytes).
    Removing stm32l4xx_hal_uart.o(i.HAL_UART_GetState), (10 bytes).
    Removing stm32l4xx_hal_uart.o(i.HAL_UART_IRQHandler), (352 bytes).
    Removing stm32l4xx_hal_uart.o(i.HAL_UART_MspDeInit), (2 bytes).
    Removing stm32l4xx_hal_uart.o(i.HAL_UART_Receive), (244 bytes).
    Removing stm32l4xx_hal_uart.o(i.HAL_UART_Receive_DMA), (156 bytes).
    Removing stm32l4xx_hal_uart.o(i.HAL_UART_Receive_IT), (172 bytes).
    Removing stm32l4xx_hal_uart.o(i.HAL_UART_ReceiverTimeout_Config), (24 bytes).
    Removing stm32l4xx_hal_uart.o(i.HAL_UART_RxCpltCallback), (2 bytes).
    Removing stm32l4xx_hal_uart.o(i.HAL_UART_RxHalfCpltCallback), (2 bytes).
    Removing stm32l4xx_hal_uart.o(i.HAL_UART_Transmit_DMA), (144 bytes).
    Removing stm32l4xx_hal_uart.o(i.HAL_UART_Transmit_IT), (100 bytes).
    Removing stm32l4xx_hal_uart.o(i.HAL_UART_TxCpltCallback), (2 bytes).
    Removing stm32l4xx_hal_uart.o(i.HAL_UART_TxHalfCpltCallback), (2 bytes).
    Removing stm32l4xx_hal_uart.o(i.UART_DMAAbortOnError), (20 bytes).
    Removing stm32l4xx_hal_uart.o(i.UART_DMAError), (72 bytes).
    Removing stm32l4xx_hal_uart.o(i.UART_DMAReceiveCplt), (60 bytes).
    Removing stm32l4xx_hal_uart.o(i.UART_DMARxAbortCallback), (58 bytes).
    Removing stm32l4xx_hal_uart.o(i.UART_DMARxHalfCplt), (10 bytes).
    Removing stm32l4xx_hal_uart.o(i.UART_DMARxOnlyAbortCallback), (36 bytes).
    Removing stm32l4xx_hal_uart.o(i.UART_DMATransmitCplt), (48 bytes).
    Removing stm32l4xx_hal_uart.o(i.UART_DMATxAbortCallback), (48 bytes).
    Removing stm32l4xx_hal_uart.o(i.UART_DMATxHalfCplt), (10 bytes).
    Removing stm32l4xx_hal_uart.o(i.UART_DMATxOnlyAbortCallback), (20 bytes).
    Removing stm32l4xx_hal_uart.o(i.UART_EndRxTransfer), (30 bytes).
    Removing stm32l4xx_hal_uart.o(i.UART_EndTxTransfer), (16 bytes).
    Removing stm32l4xx_hal_uart.o(i.UART_RxISR_16BIT), (90 bytes).
    Removing stm32l4xx_hal_uart.o(i.UART_RxISR_8BIT), (90 bytes).
    Removing stm32l4xx_hal_uart.o(i.UART_TxISR_16BIT), (64 bytes).
    Removing stm32l4xx_hal_uart.o(i.UART_TxISR_8BIT), (60 bytes).
    Removing ssd1306.o(.rev16_text), (4 bytes).
    Removing ssd1306.o(.revsh_text), (4 bytes).
    Removing ssd1306.o(.rrx_text), (6 bytes).
    Removing ssd1306.o(i.ssd1306_DegToRad), (16 bytes).
    Removing ssd1306.o(i.ssd1306_DrawArc), (312 bytes).
    Removing ssd1306.o(i.ssd1306_DrawArcWithRadiusLine), (448 bytes).
    Removing ssd1306.o(i.ssd1306_DrawBitmap), (124 bytes).
    Removing ssd1306.o(i.ssd1306_DrawCircle), (150 bytes).
    Removing ssd1306.o(i.ssd1306_DrawPixel), (48 bytes).
    Removing ssd1306.o(i.ssd1306_DrawRectangle), (68 bytes).
    Removing ssd1306.o(i.ssd1306_Fill), (24 bytes).
    Removing ssd1306.o(i.ssd1306_FillBuffer), (32 bytes).
    Removing ssd1306.o(i.ssd1306_FillCircle), (148 bytes).
    Removing ssd1306.o(i.ssd1306_FillRectangle), (86 bytes).
    Removing ssd1306.o(i.ssd1306_GetDisplayOn), (12 bytes).
    Removing ssd1306.o(i.ssd1306_Init), (200 bytes).
    Removing ssd1306.o(i.ssd1306_InvertRectangle), (152 bytes).
    Removing ssd1306.o(i.ssd1306_Line), (132 bytes).
    Removing ssd1306.o(i.ssd1306_NormalizeTo0_360), (24 bytes).
    Removing ssd1306.o(i.ssd1306_Polyline), (50 bytes).
    Removing ssd1306.o(i.ssd1306_Reset), (2 bytes).
    Removing ssd1306.o(i.ssd1306_SetContrast), (20 bytes).
    Removing ssd1306.o(i.ssd1306_SetCursor), (12 bytes).
    Removing ssd1306.o(i.ssd1306_SetDisplayOn), (24 bytes).
    Removing ssd1306.o(i.ssd1306_UpdateScreen), (56 bytes).
    Removing ssd1306.o(i.ssd1306_WriteChar), (174 bytes).
    Removing ssd1306.o(i.ssd1306_WriteCommand), (36 bytes).
    Removing ssd1306.o(i.ssd1306_WriteData), (32 bytes).
    Removing ssd1306.o(i.ssd1306_WriteString), (52 bytes).
    Removing ssd1306.o(.bss), (1024 bytes).
    Removing ssd1306.o(.data), (6 bytes).
    Removing ssd1306_fonts.o(.rev16_text), (4 bytes).
    Removing ssd1306_fonts.o(.revsh_text), (4 bytes).
    Removing ssd1306_fonts.o(.rrx_text), (6 bytes).
    Removing ssd1306_fonts.o(.constdata), (1900 bytes).
    Removing ssd1306_fonts.o(.constdata), (3420 bytes).
    Removing ssd1306_fonts.o(.constdata), (4940 bytes).
    Removing ssd1306_fonts.o(.constdata), (1520 bytes).
    Removing ssd1306_fonts.o(.constdata), (4560 bytes).
    Removing ssd1306_fonts.o(.constdata), (12 bytes).
    Removing ssd1306_fonts.o(.constdata), (12 bytes).
    Removing ssd1306_fonts.o(.constdata), (12 bytes).
    Removing ssd1306_fonts.o(.constdata), (12 bytes).
    Removing ssd1306_fonts.o(.constdata), (12 bytes).
    Removing ssd1306_tests.o(.rev16_text), (4 bytes).
    Removing ssd1306_tests.o(.revsh_text), (4 bytes).
    Removing ssd1306_tests.o(.rrx_text), (6 bytes).
    Removing ssd1306_tests.o(i.ssd1306_TestAll), (168 bytes).
    Removing ssd1306_tests.o(i.ssd1306_TestArc), (48 bytes).
    Removing ssd1306_tests.o(i.ssd1306_TestBorder), (98 bytes).
    Removing ssd1306_tests.o(i.ssd1306_TestCircle), (72 bytes).
    Removing ssd1306_tests.o(i.ssd1306_TestDrawBitmap), (372 bytes).
    Removing ssd1306_tests.o(i.ssd1306_TestFPS), (320 bytes).
    Removing ssd1306_tests.o(i.ssd1306_TestFonts1), (172 bytes).
    Removing ssd1306_tests.o(i.ssd1306_TestFonts2), (104 bytes).
    Removing ssd1306_tests.o(i.ssd1306_TestFonts3), (120 bytes).
    Removing ssd1306_tests.o(i.ssd1306_TestLine), (40 bytes).
    Removing ssd1306_tests.o(i.ssd1306_TestPolyline), (32 bytes).
    Removing ssd1306_tests.o(i.ssd1306_TestRectangle), (52 bytes).
    Removing ssd1306_tests.o(i.ssd1306_TestRectangleFill), (70 bytes).
    Removing ssd1306_tests.o(i.ssd1306_TestRectangleInvert), (184 bytes).
    Removing ssd1306_tests.o(.constdata), (10254 bytes).
    Removing ssd1306_tests.o(.constdata), (1024 bytes).
    Removing ssd1306_tests.o(.constdata), (1024 bytes).
    Removing ssd1306_tests.o(.constdata), (1024 bytes).
    Removing ssd1306_tests.o(.constdata), (1024 bytes).
    Removing ssd1306_tests.o(.constdata), (1024 bytes).
    Removing ssd1306_tests.o(.constdata), (512 bytes).
    Removing ddiv.o(.text), (222 bytes).
    Removing dfltui.o(.text), (26 bytes).
    Removing dfixi.o(.text), (62 bytes).
    Removing f2d.o(.text), (38 bytes).
    Removing depilogue.o(.text), (186 bytes).
    Removing dadd.o(.text), (350 bytes).
    Removing dmul.o(.text), (234 bytes).
    Removing dfixul.o(.text), (48 bytes).
    Removing cdrcmple.o(.text), (48 bytes).

1450 unused section(s) (total 137741 bytes) removed from the image.

==============================================================================

Image Symbol Table

    Local Symbols

    Symbol Name                              Value     Ov Type        Size  Object(Section)

    ../../../../Drivers/BSP/STM32L4xx_Nucleo_32/stm32l4xx_nucleo_32.c 0x00000000   Number         0  stm32l4xx_nucleo_32.o ABSOLUTE
    ../../../../Drivers/STM32L4xx_HAL_Driver/Src/stm32l4xx_hal.c 0x00000000   Number         0  stm32l4xx_hal.o ABSOLUTE
    ../../../../Drivers/STM32L4xx_HAL_Driver/Src/stm32l4xx_hal_adc.c 0x00000000   Number         0  stm32l4xx_hal_adc.o ABSOLUTE
    ../../../../Drivers/STM32L4xx_HAL_Driver/Src/stm32l4xx_hal_adc_ex.c 0x00000000   Number         0  stm32l4xx_hal_adc_ex.o ABSOLUTE
    ../../../../Drivers/STM32L4xx_HAL_Driver/Src/stm32l4xx_hal_can.c 0x00000000   Number         0  stm32l4xx_hal_can.o ABSOLUTE
    ../../../../Drivers/STM32L4xx_HAL_Driver/Src/stm32l4xx_hal_comp.c 0x00000000   Number         0  stm32l4xx_hal_comp.o ABSOLUTE
    ../../../../Drivers/STM32L4xx_HAL_Driver/Src/stm32l4xx_hal_cortex.c 0x00000000   Number         0  stm32l4xx_hal_cortex.o ABSOLUTE
    ../../../../Drivers/STM32L4xx_HAL_Driver/Src/stm32l4xx_hal_crc.c 0x00000000   Number         0  stm32l4xx_hal_crc.o ABSOLUTE
    ../../../../Drivers/STM32L4xx_HAL_Driver/Src/stm32l4xx_hal_crc_ex.c 0x00000000   Number         0  stm32l4xx_hal_crc_ex.o ABSOLUTE
    ../../../../Drivers/STM32L4xx_HAL_Driver/Src/stm32l4xx_hal_cryp.c 0x00000000   Number         0  stm32l4xx_hal_cryp.o ABSOLUTE
    ../../../../Drivers/STM32L4xx_HAL_Driver/Src/stm32l4xx_hal_cryp_ex.c 0x00000000   Number         0  stm32l4xx_hal_cryp_ex.o ABSOLUTE
    ../../../../Drivers/STM32L4xx_HAL_Driver/Src/stm32l4xx_hal_dac.c 0x00000000   Number         0  stm32l4xx_hal_dac.o ABSOLUTE
    ../../../../Drivers/STM32L4xx_HAL_Driver/Src/stm32l4xx_hal_dac_ex.c 0x00000000   Number         0  stm32l4xx_hal_dac_ex.o ABSOLUTE
    ../../../../Drivers/STM32L4xx_HAL_Driver/Src/stm32l4xx_hal_dma.c 0x00000000   Number         0  stm32l4xx_hal_dma.o ABSOLUTE
    ../../../../Drivers/STM32L4xx_HAL_Driver/Src/stm32l4xx_hal_firewall.c 0x00000000   Number         0  stm32l4xx_hal_firewall.o ABSOLUTE
    ../../../../Drivers/STM32L4xx_HAL_Driver/Src/stm32l4xx_hal_flash.c 0x00000000   Number         0  stm32l4xx_hal_flash.o ABSOLUTE
    ../../../../Drivers/STM32L4xx_HAL_Driver/Src/stm32l4xx_hal_flash_ex.c 0x00000000   Number         0  stm32l4xx_hal_flash_ex.o ABSOLUTE
    ../../../../Drivers/STM32L4xx_HAL_Driver/Src/stm32l4xx_hal_flash_ramfunc.c 0x00000000   Number         0  stm32l4xx_hal_flash_ramfunc.o ABSOLUTE
    ../../../../Drivers/STM32L4xx_HAL_Driver/Src/stm32l4xx_hal_gpio.c 0x00000000   Number         0  stm32l4xx_hal_gpio.o ABSOLUTE
    ../../../../Drivers/STM32L4xx_HAL_Driver/Src/stm32l4xx_hal_i2c.c 0x00000000   Number         0  stm32l4xx_hal_i2c.o ABSOLUTE
    ../../../../Drivers/STM32L4xx_HAL_Driver/Src/stm32l4xx_hal_i2c_ex.c 0x00000000   Number         0  stm32l4xx_hal_i2c_ex.o ABSOLUTE
    ../../../../Drivers/STM32L4xx_HAL_Driver/Src/stm32l4xx_hal_irda.c 0x00000000   Number         0  stm32l4xx_hal_irda.o ABSOLUTE
    ../../../../Drivers/STM32L4xx_HAL_Driver/Src/stm32l4xx_hal_iwdg.c 0x00000000   Number         0  stm32l4xx_hal_iwdg.o ABSOLUTE
    ../../../../Drivers/STM32L4xx_HAL_Driver/Src/stm32l4xx_hal_lcd.c 0x00000000   Number         0  stm32l4xx_hal_lcd.o ABSOLUTE
    ../../../../Drivers/STM32L4xx_HAL_Driver/Src/stm32l4xx_hal_lptim.c 0x00000000   Number         0  stm32l4xx_hal_lptim.o ABSOLUTE
    ../../../../Drivers/STM32L4xx_HAL_Driver/Src/stm32l4xx_hal_mmc.c 0x00000000   Number         0  stm32l4xx_hal_mmc.o ABSOLUTE
    ../../../../Drivers/STM32L4xx_HAL_Driver/Src/stm32l4xx_hal_mmc_ex.c 0x00000000   Number         0  stm32l4xx_hal_mmc_ex.o ABSOLUTE
    ../../../../Drivers/STM32L4xx_HAL_Driver/Src/stm32l4xx_hal_opamp.c 0x00000000   Number         0  stm32l4xx_hal_opamp.o ABSOLUTE
    ../../../../Drivers/STM32L4xx_HAL_Driver/Src/stm32l4xx_hal_opamp_ex.c 0x00000000   Number         0  stm32l4xx_hal_opamp_ex.o ABSOLUTE
    ../../../../Drivers/STM32L4xx_HAL_Driver/Src/stm32l4xx_hal_pcd.c 0x00000000   Number         0  stm32l4xx_hal_pcd.o ABSOLUTE
    ../../../../Drivers/STM32L4xx_HAL_Driver/Src/stm32l4xx_hal_pcd_ex.c 0x00000000   Number         0  stm32l4xx_hal_pcd_ex.o ABSOLUTE
    ../../../../Drivers/STM32L4xx_HAL_Driver/Src/stm32l4xx_hal_pwr.c 0x00000000   Number         0  stm32l4xx_hal_pwr.o ABSOLUTE
    ../../../../Drivers/STM32L4xx_HAL_Driver/Src/stm32l4xx_hal_pwr_ex.c 0x00000000   Number         0  stm32l4xx_hal_pwr_ex.o ABSOLUTE
    ../../../../Drivers/STM32L4xx_HAL_Driver/Src/stm32l4xx_hal_qspi.c 0x00000000   Number         0  stm32l4xx_hal_qspi.o ABSOLUTE
    ../../../../Drivers/STM32L4xx_HAL_Driver/Src/stm32l4xx_hal_rcc.c 0x00000000   Number         0  stm32l4xx_hal_rcc.o ABSOLUTE
    ../../../../Drivers/STM32L4xx_HAL_Driver/Src/stm32l4xx_hal_rcc_ex.c 0x00000000   Number         0  stm32l4xx_hal_rcc_ex.o ABSOLUTE
    ../../../../Drivers/STM32L4xx_HAL_Driver/Src/stm32l4xx_hal_rng.c 0x00000000   Number         0  stm32l4xx_hal_rng.o ABSOLUTE
    ../../../../Drivers/STM32L4xx_HAL_Driver/Src/stm32l4xx_hal_rtc.c 0x00000000   Number         0  stm32l4xx_hal_rtc.o ABSOLUTE
    ../../../../Drivers/STM32L4xx_HAL_Driver/Src/stm32l4xx_hal_rtc_ex.c 0x00000000   Number         0  stm32l4xx_hal_rtc_ex.o ABSOLUTE
    ../../../../Drivers/STM32L4xx_HAL_Driver/Src/stm32l4xx_hal_sai.c 0x00000000   Number         0  stm32l4xx_hal_sai.o ABSOLUTE
    ../../../../Drivers/STM32L4xx_HAL_Driver/Src/stm32l4xx_hal_sd.c 0x00000000   Number         0  stm32l4xx_hal_sd.o ABSOLUTE
    ../../../../Drivers/STM32L4xx_HAL_Driver/Src/stm32l4xx_hal_smartcard.c 0x00000000   Number         0  stm32l4xx_hal_smartcard.o ABSOLUTE
    ../../../../Drivers/STM32L4xx_HAL_Driver/Src/stm32l4xx_hal_smartcard_ex.c 0x00000000   Number         0  stm32l4xx_hal_smartcard_ex.o ABSOLUTE
    ../../../../Drivers/STM32L4xx_HAL_Driver/Src/stm32l4xx_hal_smbus.c 0x00000000   Number         0  stm32l4xx_hal_smbus.o ABSOLUTE
    ../../../../Drivers/STM32L4xx_HAL_Driver/Src/stm32l4xx_hal_spi.c 0x00000000   Number         0  stm32l4xx_hal_spi.o ABSOLUTE
    ../../../../Drivers/STM32L4xx_HAL_Driver/Src/stm32l4xx_hal_spi_ex.c 0x00000000   Number         0  stm32l4xx_hal_spi_ex.o ABSOLUTE
    ../../../../Drivers/STM32L4xx_HAL_Driver/Src/stm32l4xx_hal_swpmi.c 0x00000000   Number         0  stm32l4xx_hal_swpmi.o ABSOLUTE
    ../../../../Drivers/STM32L4xx_HAL_Driver/Src/stm32l4xx_hal_tim.c 0x00000000   Number         0  stm32l4xx_hal_tim.o ABSOLUTE
    ../../../../Drivers/STM32L4xx_HAL_Driver/Src/stm32l4xx_hal_tim_ex.c 0x00000000   Number         0  stm32l4xx_hal_tim_ex.o ABSOLUTE
    ../../../../Drivers/STM32L4xx_HAL_Driver/Src/stm32l4xx_hal_tsc.c 0x00000000   Number         0  stm32l4xx_hal_tsc.o ABSOLUTE
    ../../../../Drivers/STM32L4xx_HAL_Driver/Src/stm32l4xx_hal_uart.c 0x00000000   Number         0  stm32l4xx_hal_uart.o ABSOLUTE
    ../../../../Drivers/STM32L4xx_HAL_Driver/Src/stm32l4xx_hal_uart_ex.c 0x00000000   Number         0  stm32l4xx_hal_uart_ex.o ABSOLUTE
    ../../../../Drivers/STM32L4xx_HAL_Driver/Src/stm32l4xx_hal_usart.c 0x00000000   Number         0  stm32l4xx_hal_usart.o ABSOLUTE
    ../../../../Drivers/STM32L4xx_HAL_Driver/Src/stm32l4xx_hal_wwdg.c 0x00000000   Number         0  stm32l4xx_hal_wwdg.o ABSOLUTE
    ../../../../Drivers/STM32L4xx_HAL_Driver/Src/stm32l4xx_ll_sdmmc.c 0x00000000   Number         0  stm32l4xx_ll_sdmmc.o ABSOLUTE
    ../../../../Drivers/STM32L4xx_HAL_Driver/Src/stm32l4xx_ll_usb.c 0x00000000   Number         0  stm32l4xx_ll_usb.o ABSOLUTE
    ../Src/stm32l4xx_it.c                    0x00000000   Number         0  stm32l4xx_it.o ABSOLUTE
    ../Src/system_stm32l4xx.c                0x00000000   Number         0  system_stm32l4xx.o ABSOLUTE
    ../clib/microlib/division.c              0x00000000   Number         0  uldiv.o ABSOLUTE
    ../clib/microlib/division.c              0x00000000   Number         0  uidiv.o ABSOLUTE
    ../clib/microlib/errno.c                 0x00000000   Number         0  errno.o ABSOLUTE
    ../clib/microlib/init/entry.s            0x00000000   Number         0  entry9a.o ABSOLUTE
    ../clib/microlib/init/entry.s            0x00000000   Number         0  entry9b.o ABSOLUTE
    ../clib/microlib/init/entry.s            0x00000000   Number         0  entry10a.o ABSOLUTE
    ../clib/microlib/init/entry.s            0x00000000   Number         0  entry10b.o ABSOLUTE
    ../clib/microlib/init/entry.s            0x00000000   Number         0  entry11a.o ABSOLUTE
    ../clib/microlib/init/entry.s            0x00000000   Number         0  entry11b.o ABSOLUTE
    ../clib/microlib/init/entry.s            0x00000000   Number         0  entry7a.o ABSOLUTE
    ../clib/microlib/init/entry.s            0x00000000   Number         0  entry2.o ABSOLUTE
    ../clib/microlib/init/entry.s            0x00000000   Number         0  entry5.o ABSOLUTE
    ../clib/microlib/init/entry.s            0x00000000   Number         0  entry.o ABSOLUTE
    ../clib/microlib/init/entry.s            0x00000000   Number         0  entry7b.o ABSOLUTE
    ../clib/microlib/init/entry.s            0x00000000   Number         0  entry8a.o ABSOLUTE
    ../clib/microlib/init/entry.s            0x00000000   Number         0  entry8b.o ABSOLUTE
    ../clib/microlib/longlong.c              0x00000000   Number         0  llsshr.o ABSOLUTE
    ../clib/microlib/longlong.c              0x00000000   Number         0  llushr.o ABSOLUTE
    ../clib/microlib/longlong.c              0x00000000   Number         0  llshl.o ABSOLUTE
    ../clib/microlib/printf/printf.c         0x00000000   Number         0  printf3.o ABSOLUTE
    ../clib/microlib/printf/printf.c         0x00000000   Number         0  printf8.o ABSOLUTE
    ../clib/microlib/printf/printf.c         0x00000000   Number         0  printf7.o ABSOLUTE
    ../clib/microlib/printf/printf.c         0x00000000   Number         0  printf6.o ABSOLUTE
    ../clib/microlib/printf/printf.c         0x00000000   Number         0  printf5.o ABSOLUTE
    ../clib/microlib/printf/printf.c         0x00000000   Number         0  printf4.o ABSOLUTE
    ../clib/microlib/printf/printf.c         0x00000000   Number         0  printf2.o ABSOLUTE
    ../clib/microlib/printf/printf.c         0x00000000   Number         0  printf1.o ABSOLUTE
    ../clib/microlib/printf/printf.c         0x00000000   Number         0  printf0.o ABSOLUTE
    ../clib/microlib/printf/printf.c         0x00000000   Number         0  printfb.o ABSOLUTE
    ../clib/microlib/printf/printf.c         0x00000000   Number         0  printfa.o ABSOLUTE
    ../clib/microlib/printf/stubs.s          0x00000000   Number         0  stubs.o ABSOLUTE
    ../clib/microlib/stdio/streams.c         0x00000000   Number         0  stdout.o ABSOLUTE
    ../clib/microlib/string/memcpy.c         0x00000000   Number         0  memmovea.o ABSOLUTE
    ../clib/microlib/string/memcpy.c         0x00000000   Number         0  memcpya.o ABSOLUTE
    ../clib/microlib/string/memcpy.c         0x00000000   Number         0  memmoveb.o ABSOLUTE
    ../clib/microlib/string/memcpy.c         0x00000000   Number         0  memcpyb.o ABSOLUTE
    ../clib/microlib/string/memset.c         0x00000000   Number         0  memseta.o ABSOLUTE
    ../clib/microlib/stubs.s                 0x00000000   Number         0  iusefp.o ABSOLUTE
    ../fplib/microlib/f2d.c                  0x00000000   Number         0  f2d.o ABSOLUTE
    ../fplib/microlib/fpadd.c                0x00000000   Number         0  dadd.o ABSOLUTE
    ../fplib/microlib/fpdiv.c                0x00000000   Number         0  ddiv.o ABSOLUTE
    ../fplib/microlib/fpepilogue.c           0x00000000   Number         0  depilogue.o ABSOLUTE
    ../fplib/microlib/fpfix.c                0x00000000   Number         0  dfixi.o ABSOLUTE
    ../fplib/microlib/fpfix.c                0x00000000   Number         0  dfixul.o ABSOLUTE
    ../fplib/microlib/fpflt.c                0x00000000   Number         0  dfltui.o ABSOLUTE
    ../fplib/microlib/fpmul.c                0x00000000   Number         0  dmul.o ABSOLUTE
    ../mathlib/cosf.c                        0x00000000   Number         0  cosf_x.o ABSOLUTE
    ../mathlib/cosf.c                        0x00000000   Number         0  cosf.o ABSOLUTE
    ../mathlib/fpclassifyf.c                 0x00000000   Number         0  fpclassifyf.o ABSOLUTE
    ../mathlib/funder.c                      0x00000000   Number         0  funder.o ABSOLUTE
    ../mathlib/rredf.c                       0x00000000   Number         0  rredf.o ABSOLUTE
    ../mathlib/sinf.c                        0x00000000   Number         0  sinf_x.o ABSOLUTE
    ../mathlib/sinf.c                        0x00000000   Number         0  sinf.o ABSOLUTE
    ..\..\..\..\Drivers\BSP\STM32L4xx_Nucleo_32\stm32l4xx_nucleo_32.c 0x00000000   Number         0  stm32l4xx_nucleo_32.o ABSOLUTE
    ..\..\..\..\Drivers\STM32L4xx_HAL_Driver\Src\stm32l4xx_hal.c 0x00000000   Number         0  stm32l4xx_hal.o ABSOLUTE
    ..\..\..\..\Drivers\STM32L4xx_HAL_Driver\Src\stm32l4xx_hal_adc.c 0x00000000   Number         0  stm32l4xx_hal_adc.o ABSOLUTE
    ..\..\..\..\Drivers\STM32L4xx_HAL_Driver\Src\stm32l4xx_hal_adc_ex.c 0x00000000   Number         0  stm32l4xx_hal_adc_ex.o ABSOLUTE
    ..\..\..\..\Drivers\STM32L4xx_HAL_Driver\Src\stm32l4xx_hal_can.c 0x00000000   Number         0  stm32l4xx_hal_can.o ABSOLUTE
    ..\..\..\..\Drivers\STM32L4xx_HAL_Driver\Src\stm32l4xx_hal_comp.c 0x00000000   Number         0  stm32l4xx_hal_comp.o ABSOLUTE
    ..\..\..\..\Drivers\STM32L4xx_HAL_Driver\Src\stm32l4xx_hal_cortex.c 0x00000000   Number         0  stm32l4xx_hal_cortex.o ABSOLUTE
    ..\..\..\..\Drivers\STM32L4xx_HAL_Driver\Src\stm32l4xx_hal_crc.c 0x00000000   Number         0  stm32l4xx_hal_crc.o ABSOLUTE
    ..\..\..\..\Drivers\STM32L4xx_HAL_Driver\Src\stm32l4xx_hal_crc_ex.c 0x00000000   Number         0  stm32l4xx_hal_crc_ex.o ABSOLUTE
    ..\..\..\..\Drivers\STM32L4xx_HAL_Driver\Src\stm32l4xx_hal_cryp.c 0x00000000   Number         0  stm32l4xx_hal_cryp.o ABSOLUTE
    ..\..\..\..\Drivers\STM32L4xx_HAL_Driver\Src\stm32l4xx_hal_cryp_ex.c 0x00000000   Number         0  stm32l4xx_hal_cryp_ex.o ABSOLUTE
    ..\..\..\..\Drivers\STM32L4xx_HAL_Driver\Src\stm32l4xx_hal_dac.c 0x00000000   Number         0  stm32l4xx_hal_dac.o ABSOLUTE
    ..\..\..\..\Drivers\STM32L4xx_HAL_Driver\Src\stm32l4xx_hal_dac_ex.c 0x00000000   Number         0  stm32l4xx_hal_dac_ex.o ABSOLUTE
    ..\..\..\..\Drivers\STM32L4xx_HAL_Driver\Src\stm32l4xx_hal_dma.c 0x00000000   Number         0  stm32l4xx_hal_dma.o ABSOLUTE
    ..\..\..\..\Drivers\STM32L4xx_HAL_Driver\Src\stm32l4xx_hal_firewall.c 0x00000000   Number         0  stm32l4xx_hal_firewall.o ABSOLUTE
    ..\..\..\..\Drivers\STM32L4xx_HAL_Driver\Src\stm32l4xx_hal_flash.c 0x00000000   Number         0  stm32l4xx_hal_flash.o ABSOLUTE
    ..\..\..\..\Drivers\STM32L4xx_HAL_Driver\Src\stm32l4xx_hal_flash_ex.c 0x00000000   Number         0  stm32l4xx_hal_flash_ex.o ABSOLUTE
    ..\..\..\..\Drivers\STM32L4xx_HAL_Driver\Src\stm32l4xx_hal_flash_ramfunc.c 0x00000000   Number         0  stm32l4xx_hal_flash_ramfunc.o ABSOLUTE
    ..\..\..\..\Drivers\STM32L4xx_HAL_Driver\Src\stm32l4xx_hal_gpio.c 0x00000000   Number         0  stm32l4xx_hal_gpio.o ABSOLUTE
    ..\..\..\..\Drivers\STM32L4xx_HAL_Driver\Src\stm32l4xx_hal_i2c.c 0x00000000   Number         0  stm32l4xx_hal_i2c.o ABSOLUTE
    ..\..\..\..\Drivers\STM32L4xx_HAL_Driver\Src\stm32l4xx_hal_i2c_ex.c 0x00000000   Number         0  stm32l4xx_hal_i2c_ex.o ABSOLUTE
    ..\..\..\..\Drivers\STM32L4xx_HAL_Driver\Src\stm32l4xx_hal_irda.c 0x00000000   Number         0  stm32l4xx_hal_irda.o ABSOLUTE
    ..\..\..\..\Drivers\STM32L4xx_HAL_Driver\Src\stm32l4xx_hal_iwdg.c 0x00000000   Number         0  stm32l4xx_hal_iwdg.o ABSOLUTE
    ..\..\..\..\Drivers\STM32L4xx_HAL_Driver\Src\stm32l4xx_hal_lcd.c 0x00000000   Number         0  stm32l4xx_hal_lcd.o ABSOLUTE
    ..\..\..\..\Drivers\STM32L4xx_HAL_Driver\Src\stm32l4xx_hal_lptim.c 0x00000000   Number         0  stm32l4xx_hal_lptim.o ABSOLUTE
    ..\..\..\..\Drivers\STM32L4xx_HAL_Driver\Src\stm32l4xx_hal_mmc.c 0x00000000   Number         0  stm32l4xx_hal_mmc.o ABSOLUTE
    ..\..\..\..\Drivers\STM32L4xx_HAL_Driver\Src\stm32l4xx_hal_mmc_ex.c 0x00000000   Number         0  stm32l4xx_hal_mmc_ex.o ABSOLUTE
    ..\..\..\..\Drivers\STM32L4xx_HAL_Driver\Src\stm32l4xx_hal_opamp.c 0x00000000   Number         0  stm32l4xx_hal_opamp.o ABSOLUTE
    ..\..\..\..\Drivers\STM32L4xx_HAL_Driver\Src\stm32l4xx_hal_opamp_ex.c 0x00000000   Number         0  stm32l4xx_hal_opamp_ex.o ABSOLUTE
    ..\..\..\..\Drivers\STM32L4xx_HAL_Driver\Src\stm32l4xx_hal_pcd.c 0x00000000   Number         0  stm32l4xx_hal_pcd.o ABSOLUTE
    ..\..\..\..\Drivers\STM32L4xx_HAL_Driver\Src\stm32l4xx_hal_pcd_ex.c 0x00000000   Number         0  stm32l4xx_hal_pcd_ex.o ABSOLUTE
    ..\..\..\..\Drivers\STM32L4xx_HAL_Driver\Src\stm32l4xx_hal_pwr.c 0x00000000   Number         0  stm32l4xx_hal_pwr.o ABSOLUTE
    ..\..\..\..\Drivers\STM32L4xx_HAL_Driver\Src\stm32l4xx_hal_pwr_ex.c 0x00000000   Number         0  stm32l4xx_hal_pwr_ex.o ABSOLUTE
    ..\..\..\..\Drivers\STM32L4xx_HAL_Driver\Src\stm32l4xx_hal_qspi.c 0x00000000   Number         0  stm32l4xx_hal_qspi.o ABSOLUTE
    ..\..\..\..\Drivers\STM32L4xx_HAL_Driver\Src\stm32l4xx_hal_rcc.c 0x00000000   Number         0  stm32l4xx_hal_rcc.o ABSOLUTE
    ..\..\..\..\Drivers\STM32L4xx_HAL_Driver\Src\stm32l4xx_hal_rcc_ex.c 0x00000000   Number         0  stm32l4xx_hal_rcc_ex.o ABSOLUTE
    ..\..\..\..\Drivers\STM32L4xx_HAL_Driver\Src\stm32l4xx_hal_rng.c 0x00000000   Number         0  stm32l4xx_hal_rng.o ABSOLUTE
    ..\..\..\..\Drivers\STM32L4xx_HAL_Driver\Src\stm32l4xx_hal_rtc.c 0x00000000   Number         0  stm32l4xx_hal_rtc.o ABSOLUTE
    ..\..\..\..\Drivers\STM32L4xx_HAL_Driver\Src\stm32l4xx_hal_rtc_ex.c 0x00000000   Number         0  stm32l4xx_hal_rtc_ex.o ABSOLUTE
    ..\..\..\..\Drivers\STM32L4xx_HAL_Driver\Src\stm32l4xx_hal_sai.c 0x00000000   Number         0  stm32l4xx_hal_sai.o ABSOLUTE
    ..\..\..\..\Drivers\STM32L4xx_HAL_Driver\Src\stm32l4xx_hal_sd.c 0x00000000   Number         0  stm32l4xx_hal_sd.o ABSOLUTE
    ..\..\..\..\Drivers\STM32L4xx_HAL_Driver\Src\stm32l4xx_hal_smartcard.c 0x00000000   Number         0  stm32l4xx_hal_smartcard.o ABSOLUTE
    ..\..\..\..\Drivers\STM32L4xx_HAL_Driver\Src\stm32l4xx_hal_smartcard_ex.c 0x00000000   Number         0  stm32l4xx_hal_smartcard_ex.o ABSOLUTE
    ..\..\..\..\Drivers\STM32L4xx_HAL_Driver\Src\stm32l4xx_hal_smbus.c 0x00000000   Number         0  stm32l4xx_hal_smbus.o ABSOLUTE
    ..\..\..\..\Drivers\STM32L4xx_HAL_Driver\Src\stm32l4xx_hal_spi.c 0x00000000   Number         0  stm32l4xx_hal_spi.o ABSOLUTE
    ..\..\..\..\Drivers\STM32L4xx_HAL_Driver\Src\stm32l4xx_hal_spi_ex.c 0x00000000   Number         0  stm32l4xx_hal_spi_ex.o ABSOLUTE
    ..\..\..\..\Drivers\STM32L4xx_HAL_Driver\Src\stm32l4xx_hal_swpmi.c 0x00000000   Number         0  stm32l4xx_hal_swpmi.o ABSOLUTE
    ..\..\..\..\Drivers\STM32L4xx_HAL_Driver\Src\stm32l4xx_hal_tim.c 0x00000000   Number         0  stm32l4xx_hal_tim.o ABSOLUTE
    ..\..\..\..\Drivers\STM32L4xx_HAL_Driver\Src\stm32l4xx_hal_tim_ex.c 0x00000000   Number         0  stm32l4xx_hal_tim_ex.o ABSOLUTE
    ..\..\..\..\Drivers\STM32L4xx_HAL_Driver\Src\stm32l4xx_hal_tsc.c 0x00000000   Number         0  stm32l4xx_hal_tsc.o ABSOLUTE
    ..\..\..\..\Drivers\STM32L4xx_HAL_Driver\Src\stm32l4xx_hal_uart.c 0x00000000   Number         0  stm32l4xx_hal_uart.o ABSOLUTE
    ..\..\..\..\Drivers\STM32L4xx_HAL_Driver\Src\stm32l4xx_hal_uart_ex.c 0x00000000   Number         0  stm32l4xx_hal_uart_ex.o ABSOLUTE
    ..\..\..\..\Drivers\STM32L4xx_HAL_Driver\Src\stm32l4xx_hal_usart.c 0x00000000   Number         0  stm32l4xx_hal_usart.o ABSOLUTE
    ..\..\..\..\Drivers\STM32L4xx_HAL_Driver\Src\stm32l4xx_hal_wwdg.c 0x00000000   Number         0  stm32l4xx_hal_wwdg.o ABSOLUTE
    ..\..\..\..\Drivers\STM32L4xx_HAL_Driver\Src\stm32l4xx_ll_sdmmc.c 0x00000000   Number         0  stm32l4xx_ll_sdmmc.o ABSOLUTE
    ..\..\..\..\Drivers\STM32L4xx_HAL_Driver\Src\stm32l4xx_ll_usb.c 0x00000000   Number         0  stm32l4xx_ll_usb.o ABSOLUTE
    ..\Src\Mrowdar.c                         0x00000000   Number         0  mrowdar.o ABSOLUTE
    ..\Src\functions.c                       0x00000000   Number         0  functions.o ABSOLUTE
    ..\Src\stm32l4xx_it.c                    0x00000000   Number         0  stm32l4xx_it.o ABSOLUTE
    ..\Src\system_stm32l4xx.c                0x00000000   Number         0  system_stm32l4xx.o ABSOLUTE
    ..\\Src\\Mrowdar.c                       0x00000000   Number         0  mrowdar.o ABSOLUTE
    ..\\Src\\functions.c                     0x00000000   Number         0  functions.o ABSOLUTE
    ..\\ssd1306\\Src\\ssd1306.c              0x00000000   Number         0  ssd1306.o ABSOLUTE
    ..\\ssd1306\\Src\\ssd1306_fonts.c        0x00000000   Number         0  ssd1306_fonts.o ABSOLUTE
    ..\\ssd1306\\Src\\ssd1306_tests.c        0x00000000   Number         0  ssd1306_tests.o ABSOLUTE
    ..\ssd1306\Src\ssd1306.c                 0x00000000   Number         0  ssd1306.o ABSOLUTE
    ..\ssd1306\Src\ssd1306_fonts.c           0x00000000   Number         0  ssd1306_fonts.o ABSOLUTE
    ..\ssd1306\Src\ssd1306_tests.c           0x00000000   Number         0  ssd1306_tests.o ABSOLUTE
    cdrcmple.s                               0x00000000   Number         0  cdrcmple.o ABSOLUTE
    dc.s                                     0x00000000   Number         0  dc.o ABSOLUTE
    handlers.s                               0x00000000   Number         0  handlers.o ABSOLUTE
    init.s                                   0x00000000   Number         0  init.o ABSOLUTE
    startup_stm32l432xx.s                    0x00000000   Number         0  startup_stm32l432xx.o ABSOLUTE
    RESET                                    0x08000000   Section      396  startup_stm32l432xx.o(RESET)
    .ARM.Collect$$$$00000000                 0x0800018c   Section        0  entry.o(.ARM.Collect$$$$00000000)
    .ARM.Collect$$$$00000001                 0x0800018c   Section        4  entry2.o(.ARM.Collect$$$$00000001)
    .ARM.Collect$$$$00000004                 0x08000190   Section        4  entry5.o(.ARM.Collect$$$$00000004)
    .ARM.Collect$$$$00000008                 0x08000194   Section        0  entry7b.o(.ARM.Collect$$$$00000008)
    .ARM.Collect$$$$0000000A                 0x08000194   Section        0  entry8b.o(.ARM.Collect$$$$0000000A)
    .ARM.Collect$$$$0000000B                 0x08000194   Section        8  entry9a.o(.ARM.Collect$$$$0000000B)
    .ARM.Collect$$$$0000000D                 0x0800019c   Section        0  entry10a.o(.ARM.Collect$$$$0000000D)
    .ARM.Collect$$$$0000000F                 0x0800019c   Section        0  entry11a.o(.ARM.Collect$$$$0000000F)
    .ARM.Collect$$$$00002712                 0x0800019c   Section        4  entry2.o(.ARM.Collect$$$$00002712)
    __lit__00000000                          0x0800019c   Data           4  entry2.o(.ARM.Collect$$$$00002712)
    .text                                    0x080001a0   Section       36  startup_stm32l432xx.o(.text)
    $v0                                      0x080001a0   Number         0  startup_stm32l432xx.o(.text)
    .text                                    0x080001c4   Section        0  uldiv.o(.text)
    .text                                    0x0800022c   Section        0  memmovea.o(.text)
    .text                                    0x0800026c   Section        0  memseta.o(.text)
    .text                                    0x08000290   Section        0  uidiv.o(.text)
    .text                                    0x080002bc   Section        0  llshl.o(.text)
    .text                                    0x080002da   Section        0  llushr.o(.text)
    .text                                    0x080002fc   Section       36  init.o(.text)
    i.BusFault_Handler                       0x08000320   Section        0  stm32l4xx_it.o(i.BusFault_Handler)
    i.DebugMon_Handler                       0x08000322   Section        0  stm32l4xx_it.o(i.DebugMon_Handler)
    i.HAL_GPIO_Init                          0x08000324   Section        0  stm32l4xx_hal_gpio.o(i.HAL_GPIO_Init)
    i.HAL_GetTick                            0x080004b8   Section        0  stm32l4xx_hal.o(i.HAL_GetTick)
    i.HAL_I2C_Init                           0x080004c4   Section        0  stm32l4xx_hal_i2c.o(i.HAL_I2C_Init)
    i.HAL_I2C_IsDeviceReady                  0x0800057c   Section        0  stm32l4xx_hal_i2c.o(i.HAL_I2C_IsDeviceReady)
    i.HAL_I2C_Mem_Read                       0x080006a8   Section        0  stm32l4xx_hal_i2c.o(i.HAL_I2C_Mem_Read)
    i.HAL_I2C_Mem_Write                      0x08000814   Section        0  stm32l4xx_hal_i2c.o(i.HAL_I2C_Mem_Write)
    i.HAL_I2C_MspInit                        0x08000972   Section        0  stm32l4xx_hal_i2c.o(i.HAL_I2C_MspInit)
    i.HAL_IncTick                            0x08000974   Section        0  stm32l4xx_hal.o(i.HAL_IncTick)
    i.HAL_Init                               0x08000984   Section        0  stm32l4xx_hal.o(i.HAL_Init)
    i.HAL_InitTick                           0x080009a4   Section        0  stm32l4xx_hal.o(i.HAL_InitTick)
    i.HAL_MspInit                            0x080009e8   Section        0  stm32l4xx_hal.o(i.HAL_MspInit)
    i.HAL_NVIC_EnableIRQ                     0x080009ea   Section        0  stm32l4xx_hal_cortex.o(i.HAL_NVIC_EnableIRQ)
    i.HAL_NVIC_SetPriority                   0x08000a04   Section        0  stm32l4xx_hal_cortex.o(i.HAL_NVIC_SetPriority)
    i.HAL_NVIC_SetPriorityGrouping           0x08000a44   Section        0  stm32l4xx_hal_cortex.o(i.HAL_NVIC_SetPriorityGrouping)
    i.HAL_PWREx_GetVoltageRange              0x08000a68   Section        0  stm32l4xx_hal_pwr_ex.o(i.HAL_PWREx_GetVoltageRange)
    i.HAL_RCC_ClockConfig                    0x08000a78   Section        0  stm32l4xx_hal_rcc.o(i.HAL_RCC_ClockConfig)
    i.HAL_RCC_GetPCLK1Freq                   0x08000b98   Section        0  stm32l4xx_hal_rcc.o(i.HAL_RCC_GetPCLK1Freq)
    i.HAL_RCC_GetPCLK2Freq                   0x08000bbc   Section        0  stm32l4xx_hal_rcc.o(i.HAL_RCC_GetPCLK2Freq)
    i.HAL_RCC_GetSysClockFreq                0x08000be0   Section        0  stm32l4xx_hal_rcc.o(i.HAL_RCC_GetSysClockFreq)
    i.HAL_RCC_OscConfig                      0x08000c84   Section        0  stm32l4xx_hal_rcc.o(i.HAL_RCC_OscConfig)
    i.HAL_SYSTICK_Config                     0x080011f0   Section        0  stm32l4xx_hal_cortex.o(i.HAL_SYSTICK_Config)
    i.HAL_TIMEx_Break2Callback               0x08001218   Section        0  stm32l4xx_hal_tim_ex.o(i.HAL_TIMEx_Break2Callback)
    i.HAL_TIMEx_BreakCallback                0x0800121a   Section        0  stm32l4xx_hal_tim_ex.o(i.HAL_TIMEx_BreakCallback)
    i.HAL_TIMEx_CommutCallback               0x0800121c   Section        0  stm32l4xx_hal_tim_ex.o(i.HAL_TIMEx_CommutCallback)
    i.HAL_TIM_Base_Init                      0x0800121e   Section        0  stm32l4xx_hal_tim.o(i.HAL_TIM_Base_Init)
    i.HAL_TIM_Base_MspInit                   0x08001254   Section        0  stm32l4xx_hal_tim.o(i.HAL_TIM_Base_MspInit)
    i.HAL_TIM_Base_Start_IT                  0x08001258   Section        0  stm32l4xx_hal_tim.o(i.HAL_TIM_Base_Start_IT)
    i.HAL_TIM_IC_CaptureCallback             0x08001284   Section        0  stm32l4xx_hal_tim.o(i.HAL_TIM_IC_CaptureCallback)
    i.HAL_TIM_IRQHandler                     0x08001286   Section        0  stm32l4xx_hal_tim.o(i.HAL_TIM_IRQHandler)
    i.HAL_TIM_OC_DelayElapsedCallback        0x0800140a   Section        0  stm32l4xx_hal_tim.o(i.HAL_TIM_OC_DelayElapsedCallback)
    i.HAL_TIM_PWM_PulseFinishedCallback      0x0800140c   Section        0  stm32l4xx_hal_tim.o(i.HAL_TIM_PWM_PulseFinishedCallback)
    i.HAL_TIM_PeriodElapsedCallback          0x0800140e   Section        0  stm32l4xx_hal_tim.o(i.HAL_TIM_PeriodElapsedCallback)
    i.HAL_TIM_TriggerCallback                0x08001410   Section        0  stm32l4xx_hal_tim.o(i.HAL_TIM_TriggerCallback)
    i.HAL_UART_Init                          0x08001412   Section        0  stm32l4xx_hal_uart.o(i.HAL_UART_Init)
    i.HAL_UART_MspInit                       0x08001478   Section        0  stm32l4xx_hal_uart.o(i.HAL_UART_MspInit)
    i.HAL_UART_Transmit                      0x0800147c   Section        0  stm32l4xx_hal_uart.o(i.HAL_UART_Transmit)
    i.HardFault_Handler                      0x08001532   Section        0  stm32l4xx_it.o(i.HardFault_Handler)
    i.I2C_Flush_TXDR                         0x08001534   Section        0  stm32l4xx_hal_i2c.o(i.I2C_Flush_TXDR)
    I2C_Flush_TXDR                           0x08001535   Thumb Code    34  stm32l4xx_hal_i2c.o(i.I2C_Flush_TXDR)
    i.I2C_IsAcknowledgeFailed                0x08001558   Section        0  stm32l4xx_hal_i2c.o(i.I2C_IsAcknowledgeFailed)
    I2C_IsAcknowledgeFailed                  0x08001559   Thumb Code   128  stm32l4xx_hal_i2c.o(i.I2C_IsAcknowledgeFailed)
    i.I2C_RequestMemoryRead                  0x080015dc   Section        0  stm32l4xx_hal_i2c.o(i.I2C_RequestMemoryRead)
    I2C_RequestMemoryRead                    0x080015dd   Thumb Code    94  stm32l4xx_hal_i2c.o(i.I2C_RequestMemoryRead)
    i.I2C_RequestMemoryWrite                 0x08001640   Section        0  stm32l4xx_hal_i2c.o(i.I2C_RequestMemoryWrite)
    I2C_RequestMemoryWrite                   0x08001641   Thumb Code    94  stm32l4xx_hal_i2c.o(i.I2C_RequestMemoryWrite)
    i.I2C_TransferConfig                     0x080016a4   Section        0  stm32l4xx_hal_i2c.o(i.I2C_TransferConfig)
    I2C_TransferConfig                       0x080016a5   Thumb Code    40  stm32l4xx_hal_i2c.o(i.I2C_TransferConfig)
    i.I2C_WaitOnFlagUntilTimeout             0x080016d0   Section        0  stm32l4xx_hal_i2c.o(i.I2C_WaitOnFlagUntilTimeout)
    I2C_WaitOnFlagUntilTimeout               0x080016d1   Thumb Code    88  stm32l4xx_hal_i2c.o(i.I2C_WaitOnFlagUntilTimeout)
    i.I2C_WaitOnSTOPFlagUntilTimeout         0x08001728   Section        0  stm32l4xx_hal_i2c.o(i.I2C_WaitOnSTOPFlagUntilTimeout)
    I2C_WaitOnSTOPFlagUntilTimeout           0x08001729   Thumb Code    76  stm32l4xx_hal_i2c.o(i.I2C_WaitOnSTOPFlagUntilTimeout)
    i.I2C_WaitOnTXISFlagUntilTimeout         0x08001774   Section        0  stm32l4xx_hal_i2c.o(i.I2C_WaitOnTXISFlagUntilTimeout)
    I2C_WaitOnTXISFlagUntilTimeout           0x08001775   Thumb Code    80  stm32l4xx_hal_i2c.o(i.I2C_WaitOnTXISFlagUntilTimeout)
    i.MPU6050_Init                           0x080017c4   Section        0  mrowdar.o(i.MPU6050_Init)
    MPU6050_Init                             0x080017c5   Thumb Code   130  mrowdar.o(i.MPU6050_Init)
    i.MPU6050_Values                         0x08001854   Section        0  mrowdar.o(i.MPU6050_Values)
    i.MX_I2C1_Init                           0x080018cc   Section        0  mrowdar.o(i.MX_I2C1_Init)
    MX_I2C1_Init                             0x080018cd   Thumb Code    46  mrowdar.o(i.MX_I2C1_Init)
    i.MX_I2C_MspInit                         0x0800190c   Section        0  mrowdar.o(i.MX_I2C_MspInit)
    i.MX_USART2_MspInit                      0x0800195c   Section        0  mrowdar.o(i.MX_USART2_MspInit)
    i.MX_USART2_UART_Init                    0x080019b4   Section        0  mrowdar.o(i.MX_USART2_UART_Init)
    MX_USART2_UART_Init                      0x080019b5   Thumb Code    52  mrowdar.o(i.MX_USART2_UART_Init)
    i.MemManage_Handler                      0x080019f4   Section        0  stm32l4xx_it.o(i.MemManage_Handler)
    i.NMI_Handler                            0x080019f6   Section        0  stm32l4xx_it.o(i.NMI_Handler)
    i.PendSV_Handler                         0x080019f8   Section        0  stm32l4xx_it.o(i.PendSV_Handler)
    i.RCC_SetFlashLatencyFromMSIRange        0x080019fc   Section        0  stm32l4xx_hal_rcc.o(i.RCC_SetFlashLatencyFromMSIRange)
    RCC_SetFlashLatencyFromMSIRange          0x080019fd   Thumb Code   116  stm32l4xx_hal_rcc.o(i.RCC_SetFlashLatencyFromMSIRange)
    i.SVC_Handler                            0x08001a78   Section        0  stm32l4xx_it.o(i.SVC_Handler)
    i.SysTick_Handler                        0x08001a7a   Section        0  stm32l4xx_it.o(i.SysTick_Handler)
    i.SystemInit                             0x08001a80   Section        0  system_stm32l4xx.o(i.SystemInit)
    i.TIM2_IRQHandler                        0x08001ac4   Section        0  mrowdar.o(i.TIM2_IRQHandler)
    i.TIM_Base_SetConfig                     0x08001ad8   Section        0  stm32l4xx_hal_tim.o(i.TIM_Base_SetConfig)
    i.TIM_interrupt                          0x08001b44   Section        0  functions.o(i.TIM_interrupt)
    i.UART_AdvFeatureConfig                  0x08001c24   Section        0  stm32l4xx_hal_uart.o(i.UART_AdvFeatureConfig)
    i.UART_CheckIdleState                    0x08001cec   Section        0  stm32l4xx_hal_uart.o(i.UART_CheckIdleState)
    i.UART_SetConfig                         0x08001d44   Section        0  stm32l4xx_hal_uart.o(i.UART_SetConfig)
    i.UART_WaitOnFlagUntilTimeout            0x08001f6c   Section        0  stm32l4xx_hal_uart.o(i.UART_WaitOnFlagUntilTimeout)
    i.UsageFault_Handler                     0x08002010   Section        0  stm32l4xx_it.o(i.UsageFault_Handler)
    i.__0printf$1                            0x08002014   Section        0  printf1.o(i.__0printf$1)
    i.__NVIC_SetPriority                     0x08002034   Section        0  stm32l4xx_hal_cortex.o(i.__NVIC_SetPriority)
    __NVIC_SetPriority                       0x08002035   Thumb Code    32  stm32l4xx_hal_cortex.o(i.__NVIC_SetPriority)
    i.__scatterload_copy                     0x08002054   Section       14  handlers.o(i.__scatterload_copy)
    i.__scatterload_null                     0x08002062   Section        2  handlers.o(i.__scatterload_null)
    i.__scatterload_zeroinit                 0x08002064   Section       14  handlers.o(i.__scatterload_zeroinit)
    i._printf_core                           0x08002074   Section        0  printf1.o(i._printf_core)
    _printf_core                             0x08002075   Thumb Code   336  printf1.o(i._printf_core)
    i.fputc                                  0x080021d0   Section        0  mrowdar.o(i.fputc)
    i.main                                   0x080021e8   Section        0  mrowdar.o(i.main)
    .constdata                               0x080022c0   Section       64  system_stm32l4xx.o(.constdata)
    .constdata                               0x08002300   Section        8  system_stm32l4xx.o(.constdata)
    .data                                    0x20000000   Section       14  mrowdar.o(.data)
    .data                                    0x20000010   Section        4  system_stm32l4xx.o(.data)
    .data                                    0x20000014   Section       12  stm32l4xx_hal.o(.data)
    .data                                    0x20000020   Section        4  stdout.o(.data)
    .bss                                     0x20000024   Section      396  mrowdar.o(.bss)
    STACK                                    0x200001b0   Section     1024  startup_stm32l432xx.o(STACK)

    Global Symbols

    Symbol Name                              Value     Ov Type        Size  Object(Section)

    BuildAttributes$$THM_ISAv4$E$P$D$K$B$S$7EM$VFPi3$EXTD16$VFPS$VFMA$PE$A:L22UL41UL21$X:L11$S22US41US21$IEEE1$IW$USESV6$~STKCKD$USESV7$~SHL$OTIME$ROPI$IEEEX$EBA8$MICROLIB$REQ8$PRES8$EABIv2 0x00000000   Number         0  anon$$obj.o ABSOLUTE
    __ARM_use_no_argv                        0x00000000   Number         0  mrowdar.o ABSOLUTE
    _printf_a                                0x00000000   Number         0  stubs.o ABSOLUTE
    _printf_c                                0x00000000   Number         0  stubs.o ABSOLUTE
    _printf_charcount                        0x00000000   Number         0  stubs.o ABSOLUTE
    _printf_d                                0x00000000   Number         0  stubs.o ABSOLUTE
    _printf_e                                0x00000000   Number         0  stubs.o ABSOLUTE
    _printf_f                                0x00000000   Number         0  stubs.o ABSOLUTE
    _printf_flags                            0x00000000   Number         0  stubs.o ABSOLUTE
    _printf_fp_dec                           0x00000000   Number         0  stubs.o ABSOLUTE
    _printf_fp_hex                           0x00000000   Number         0  stubs.o ABSOLUTE
    _printf_g                                0x00000000   Number         0  stubs.o ABSOLUTE
    _printf_i                                0x00000000   Number         0  stubs.o ABSOLUTE
    _printf_int_dec                          0x00000000   Number         0  stubs.o ABSOLUTE
    _printf_l                                0x00000000   Number         0  stubs.o ABSOLUTE
    _printf_lc                               0x00000000   Number         0  stubs.o ABSOLUTE
    _printf_ll                               0x00000000   Number         0  stubs.o ABSOLUTE
    _printf_lld                              0x00000000   Number         0  stubs.o ABSOLUTE
    _printf_lli                              0x00000000   Number         0  stubs.o ABSOLUTE
    _printf_llo                              0x00000000   Number         0  stubs.o ABSOLUTE
    _printf_llu                              0x00000000   Number         0  stubs.o ABSOLUTE
    _printf_llx                              0x00000000   Number         0  stubs.o ABSOLUTE
    _printf_longlong_dec                     0x00000000   Number         0  stubs.o ABSOLUTE
    _printf_longlong_hex                     0x00000000   Number         0  stubs.o ABSOLUTE
    _printf_longlong_oct                     0x00000000   Number         0  stubs.o ABSOLUTE
    _printf_ls                               0x00000000   Number         0  stubs.o ABSOLUTE
    _printf_mbtowc                           0x00000000   Number         0  stubs.o ABSOLUTE
    _printf_n                                0x00000000   Number         0  stubs.o ABSOLUTE
    _printf_o                                0x00000000   Number         0  stubs.o ABSOLUTE
    _printf_p                                0x00000000   Number         0  stubs.o ABSOLUTE
    _printf_percent                          0x00000000   Number         0  stubs.o ABSOLUTE
    _printf_pre_padding                      0x00000000   Number         0  stubs.o ABSOLUTE
    _printf_return_value                     0x00000000   Number         0  stubs.o ABSOLUTE
    _printf_s                                0x00000000   Number         0  stubs.o ABSOLUTE
    _printf_sizespec                         0x00000000   Number         0  stubs.o ABSOLUTE
    _printf_str                              0x00000000   Number         0  stubs.o ABSOLUTE
    _printf_truncate_signed                  0x00000000   Number         0  stubs.o ABSOLUTE
    _printf_truncate_unsigned                0x00000000   Number         0  stubs.o ABSOLUTE
    _printf_u                                0x00000000   Number         0  stubs.o ABSOLUTE
    _printf_wc                               0x00000000   Number         0  stubs.o ABSOLUTE
    _printf_wctomb                           0x00000000   Number         0  stubs.o ABSOLUTE
    _printf_widthprec                        0x00000000   Number         0  stubs.o ABSOLUTE
    _printf_x                                0x00000000   Number         0  stubs.o ABSOLUTE
    __cpp_initialize__aeabi_                  - Undefined Weak Reference
    __cxa_finalize                            - Undefined Weak Reference
    __decompress                              - Undefined Weak Reference
    _clock_init                               - Undefined Weak Reference
    _microlib_exit                            - Undefined Weak Reference
    __Vectors_Size                           0x0000018c   Number         0  startup_stm32l432xx.o ABSOLUTE
    __Vectors                                0x08000000   Data           4  startup_stm32l432xx.o(RESET)
    __Vectors_End                            0x0800018c   Data           0  startup_stm32l432xx.o(RESET)
    __main                                   0x0800018d   Thumb Code     0  entry.o(.ARM.Collect$$$$00000000)
    _main_stk                                0x0800018d   Thumb Code     0  entry2.o(.ARM.Collect$$$$00000001)
    _main_scatterload                        0x08000191   Thumb Code     0  entry5.o(.ARM.Collect$$$$00000004)
    __main_after_scatterload                 0x08000195   Thumb Code     0  entry5.o(.ARM.Collect$$$$00000004)
    _main_clock                              0x08000195   Thumb Code     0  entry7b.o(.ARM.Collect$$$$00000008)
    _main_cpp_init                           0x08000195   Thumb Code     0  entry8b.o(.ARM.Collect$$$$0000000A)
    _main_init                               0x08000195   Thumb Code     0  entry9a.o(.ARM.Collect$$$$0000000B)
    __rt_final_cpp                           0x0800019d   Thumb Code     0  entry10a.o(.ARM.Collect$$$$0000000D)
    __rt_final_exit                          0x0800019d   Thumb Code     0  entry11a.o(.ARM.Collect$$$$0000000F)
    Reset_Handler                            0x080001a1   Thumb Code     8  startup_stm32l432xx.o(.text)
    ADC1_IRQHandler                          0x080001bb   Thumb Code     0  startup_stm32l432xx.o(.text)
    CAN1_RX0_IRQHandler                      0x080001bb   Thumb Code     0  startup_stm32l432xx.o(.text)
    CAN1_RX1_IRQHandler                      0x080001bb   Thumb Code     0  startup_stm32l432xx.o(.text)
    CAN1_SCE_IRQHandler                      0x080001bb   Thumb Code     0  startup_stm32l432xx.o(.text)
    CAN1_TX_IRQHandler                       0x080001bb   Thumb Code     0  startup_stm32l432xx.o(.text)
    COMP_IRQHandler                          0x080001bb   Thumb Code     0  startup_stm32l432xx.o(.text)
    CRS_IRQHandler                           0x080001bb   Thumb Code     0  startup_stm32l432xx.o(.text)
    DMA1_Channel1_IRQHandler                 0x080001bb   Thumb Code     0  startup_stm32l432xx.o(.text)
    DMA1_Channel2_IRQHandler                 0x080001bb   Thumb Code     0  startup_stm32l432xx.o(.text)
    DMA1_Channel3_IRQHandler                 0x080001bb   Thumb Code     0  startup_stm32l432xx.o(.text)
    DMA1_Channel4_IRQHandler                 0x080001bb   Thumb Code     0  startup_stm32l432xx.o(.text)
    DMA1_Channel5_IRQHandler                 0x080001bb   Thumb Code     0  startup_stm32l432xx.o(.text)
    DMA1_Channel6_IRQHandler                 0x080001bb   Thumb Code     0  startup_stm32l432xx.o(.text)
    DMA1_Channel7_IRQHandler                 0x080001bb   Thumb Code     0  startup_stm32l432xx.o(.text)
    DMA2_Channel1_IRQHandler                 0x080001bb   Thumb Code     0  startup_stm32l432xx.o(.text)
    DMA2_Channel2_IRQHandler                 0x080001bb   Thumb Code     0  startup_stm32l432xx.o(.text)
    DMA2_Channel3_IRQHandler                 0x080001bb   Thumb Code     0  startup_stm32l432xx.o(.text)
    DMA2_Channel4_IRQHandler                 0x080001bb   Thumb Code     0  startup_stm32l432xx.o(.text)
    DMA2_Channel5_IRQHandler                 0x080001bb   Thumb Code     0  startup_stm32l432xx.o(.text)
    DMA2_Channel6_IRQHandler                 0x080001bb   Thumb Code     0  startup_stm32l432xx.o(.text)
    DMA2_Channel7_IRQHandler                 0x080001bb   Thumb Code     0  startup_stm32l432xx.o(.text)
    EXTI0_IRQHandler                         0x080001bb   Thumb Code     0  startup_stm32l432xx.o(.text)
    EXTI15_10_IRQHandler                     0x080001bb   Thumb Code     0  startup_stm32l432xx.o(.text)
    EXTI1_IRQHandler                         0x080001bb   Thumb Code     0  startup_stm32l432xx.o(.text)
    EXTI2_IRQHandler                         0x080001bb   Thumb Code     0  startup_stm32l432xx.o(.text)
    EXTI3_IRQHandler                         0x080001bb   Thumb Code     0  startup_stm32l432xx.o(.text)
    EXTI4_IRQHandler                         0x080001bb   Thumb Code     0  startup_stm32l432xx.o(.text)
    EXTI9_5_IRQHandler                       0x080001bb   Thumb Code     0  startup_stm32l432xx.o(.text)
    FLASH_IRQHandler                         0x080001bb   Thumb Code     0  startup_stm32l432xx.o(.text)
    FPU_IRQHandler                           0x080001bb   Thumb Code     0  startup_stm32l432xx.o(.text)
    I2C1_ER_IRQHandler                       0x080001bb   Thumb Code     0  startup_stm32l432xx.o(.text)
    I2C1_EV_IRQHandler                       0x080001bb   Thumb Code     0  startup_stm32l432xx.o(.text)
    I2C3_ER_IRQHandler                       0x080001bb   Thumb Code     0  startup_stm32l432xx.o(.text)
    I2C3_EV_IRQHandler                       0x080001bb   Thumb Code     0  startup_stm32l432xx.o(.text)
    LPTIM1_IRQHandler                        0x080001bb   Thumb Code     0  startup_stm32l432xx.o(.text)
    LPTIM2_IRQHandler                        0x080001bb   Thumb Code     0  startup_stm32l432xx.o(.text)
    LPUART1_IRQHandler                       0x080001bb   Thumb Code     0  startup_stm32l432xx.o(.text)
    PVD_PVM_IRQHandler                       0x080001bb   Thumb Code     0  startup_stm32l432xx.o(.text)
    QUADSPI_IRQHandler                       0x080001bb   Thumb Code     0  startup_stm32l432xx.o(.text)
    RCC_IRQHandler                           0x080001bb   Thumb Code     0  startup_stm32l432xx.o(.text)
    RNG_IRQHandler                           0x080001bb   Thumb Code     0  startup_stm32l432xx.o(.text)
    RTC_Alarm_IRQHandler                     0x080001bb   Thumb Code     0  startup_stm32l432xx.o(.text)
    RTC_WKUP_IRQHandler                      0x080001bb   Thumb Code     0  startup_stm32l432xx.o(.text)
    SAI1_IRQHandler                          0x080001bb   Thumb Code     0  startup_stm32l432xx.o(.text)
    SPI1_IRQHandler                          0x080001bb   Thumb Code     0  startup_stm32l432xx.o(.text)
    SPI3_IRQHandler                          0x080001bb   Thumb Code     0  startup_stm32l432xx.o(.text)
    SWPMI1_IRQHandler                        0x080001bb   Thumb Code     0  startup_stm32l432xx.o(.text)
    TAMP_STAMP_IRQHandler                    0x080001bb   Thumb Code     0  startup_stm32l432xx.o(.text)
    TIM1_BRK_TIM15_IRQHandler                0x080001bb   Thumb Code     0  startup_stm32l432xx.o(.text)
    TIM1_CC_IRQHandler                       0x080001bb   Thumb Code     0  startup_stm32l432xx.o(.text)
    TIM1_TRG_COM_IRQHandler                  0x080001bb   Thumb Code     0  startup_stm32l432xx.o(.text)
    TIM1_UP_TIM16_IRQHandler                 0x080001bb   Thumb Code     0  startup_stm32l432xx.o(.text)
    TIM6_DAC_IRQHandler                      0x080001bb   Thumb Code     0  startup_stm32l432xx.o(.text)
    TIM7_IRQHandler                          0x080001bb   Thumb Code     0  startup_stm32l432xx.o(.text)
    TSC_IRQHandler                           0x080001bb   Thumb Code     0  startup_stm32l432xx.o(.text)
    USART1_IRQHandler                        0x080001bb   Thumb Code     0  startup_stm32l432xx.o(.text)
    USART2_IRQHandler                        0x080001bb   Thumb Code     0  startup_stm32l432xx.o(.text)
    USB_IRQHandler                           0x080001bb   Thumb Code     0  startup_stm32l432xx.o(.text)
    WWDG_IRQHandler                          0x080001bb   Thumb Code     0  startup_stm32l432xx.o(.text)
    __aeabi_uldivmod                         0x080001c5   Thumb Code    98  uldiv.o(.text)
    ___aeabi_memcpy8$move                    0x0800022d   Thumb Code     0  memmovea.o(.text)
    __aeabi_memcpy                           0x0800022d   Thumb Code    64  memmovea.o(.text)
    __aeabi_memcpy4                          0x0800022d   Thumb Code     0  memmovea.o(.text)
    __aeabi_memmove                          0x0800022d   Thumb Code     0  memmovea.o(.text)
    __aeabi_memmove4                         0x0800022d   Thumb Code     0  memmovea.o(.text)
    __aeabi_memmove8                         0x0800022d   Thumb Code     0  memmovea.o(.text)
    __aeabi_memset                           0x0800026d   Thumb Code    14  memseta.o(.text)
    __aeabi_memset4                          0x0800026d   Thumb Code     0  memseta.o(.text)
    __aeabi_memset8                          0x0800026d   Thumb Code     0  memseta.o(.text)
    __aeabi_memclr                           0x0800027b   Thumb Code     4  memseta.o(.text)
    __aeabi_memclr4                          0x0800027b   Thumb Code     0  memseta.o(.text)
    __aeabi_memclr8                          0x0800027b   Thumb Code     0  memseta.o(.text)
    _memset$wrapper                          0x0800027f   Thumb Code    18  memseta.o(.text)
    __aeabi_uidiv                            0x08000291   Thumb Code     0  uidiv.o(.text)
    __aeabi_uidivmod                         0x08000291   Thumb Code    44  uidiv.o(.text)
    __aeabi_llsl                             0x080002bd   Thumb Code    30  llshl.o(.text)
    _ll_shift_l                              0x080002bd   Thumb Code     0  llshl.o(.text)
    __aeabi_llsr                             0x080002db   Thumb Code    32  llushr.o(.text)
    _ll_ushift_r                             0x080002db   Thumb Code     0  llushr.o(.text)
    __scatterload                            0x080002fd   Thumb Code    28  init.o(.text)
    __scatterload_rt2                        0x080002fd   Thumb Code     0  init.o(.text)
    BusFault_Handler                         0x08000321   Thumb Code     2  stm32l4xx_it.o(i.BusFault_Handler)
    DebugMon_Handler                         0x08000323   Thumb Code     2  stm32l4xx_it.o(i.DebugMon_Handler)
    HAL_GPIO_Init                            0x08000325   Thumb Code   376  stm32l4xx_hal_gpio.o(i.HAL_GPIO_Init)
    HAL_GetTick                              0x080004b9   Thumb Code     6  stm32l4xx_hal.o(i.HAL_GetTick)
    HAL_I2C_Init                             0x080004c5   Thumb Code   178  stm32l4xx_hal_i2c.o(i.HAL_I2C_Init)
    HAL_I2C_IsDeviceReady                    0x0800057d   Thumb Code   282  stm32l4xx_hal_i2c.o(i.HAL_I2C_IsDeviceReady)
    HAL_I2C_Mem_Read                         0x080006a9   Thumb Code   346  stm32l4xx_hal_i2c.o(i.HAL_I2C_Mem_Read)
    HAL_I2C_Mem_Write                        0x08000815   Thumb Code   340  stm32l4xx_hal_i2c.o(i.HAL_I2C_Mem_Write)
    HAL_I2C_MspInit                          0x08000973   Thumb Code     2  stm32l4xx_hal_i2c.o(i.HAL_I2C_MspInit)
    HAL_IncTick                              0x08000975   Thumb Code    12  stm32l4xx_hal.o(i.HAL_IncTick)
    HAL_Init                                 0x08000985   Thumb Code    30  stm32l4xx_hal.o(i.HAL_Init)
    HAL_InitTick                             0x080009a5   Thumb Code    58  stm32l4xx_hal.o(i.HAL_InitTick)
    HAL_MspInit                              0x080009e9   Thumb Code     2  stm32l4xx_hal.o(i.HAL_MspInit)
    HAL_NVIC_EnableIRQ                       0x080009eb   Thumb Code    26  stm32l4xx_hal_cortex.o(i.HAL_NVIC_EnableIRQ)
    HAL_NVIC_SetPriority                     0x08000a05   Thumb Code    60  stm32l4xx_hal_cortex.o(i.HAL_NVIC_SetPriority)
    HAL_NVIC_SetPriorityGrouping             0x08000a45   Thumb Code    26  stm32l4xx_hal_cortex.o(i.HAL_NVIC_SetPriorityGrouping)
    HAL_PWREx_GetVoltageRange                0x08000a69   Thumb Code    10  stm32l4xx_hal_pwr_ex.o(i.HAL_PWREx_GetVoltageRange)
    HAL_RCC_ClockConfig                      0x08000a79   Thumb Code   266  stm32l4xx_hal_rcc.o(i.HAL_RCC_ClockConfig)
    HAL_RCC_GetPCLK1Freq                     0x08000b99   Thumb Code    24  stm32l4xx_hal_rcc.o(i.HAL_RCC_GetPCLK1Freq)
    HAL_RCC_GetPCLK2Freq                     0x08000bbd   Thumb Code    24  stm32l4xx_hal_rcc.o(i.HAL_RCC_GetPCLK2Freq)
    HAL_RCC_GetSysClockFreq                  0x08000be1   Thumb Code   150  stm32l4xx_hal_rcc.o(i.HAL_RCC_GetSysClockFreq)
    HAL_RCC_OscConfig                        0x08000c85   Thumb Code  1382  stm32l4xx_hal_rcc.o(i.HAL_RCC_OscConfig)
    HAL_SYSTICK_Config                       0x080011f1   Thumb Code    40  stm32l4xx_hal_cortex.o(i.HAL_SYSTICK_Config)
    HAL_TIMEx_Break2Callback                 0x08001219   Thumb Code     2  stm32l4xx_hal_tim_ex.o(i.HAL_TIMEx_Break2Callback)
    HAL_TIMEx_BreakCallback                  0x0800121b   Thumb Code     2  stm32l4xx_hal_tim_ex.o(i.HAL_TIMEx_BreakCallback)
    HAL_TIMEx_CommutCallback                 0x0800121d   Thumb Code     2  stm32l4xx_hal_tim_ex.o(i.HAL_TIMEx_CommutCallback)
    HAL_TIM_Base_Init                        0x0800121f   Thumb Code    54  stm32l4xx_hal_tim.o(i.HAL_TIM_Base_Init)
    HAL_TIM_Base_MspInit                     0x08001255   Thumb Code     2  stm32l4xx_hal_tim.o(i.HAL_TIM_Base_MspInit)
    HAL_TIM_Base_Start_IT                    0x08001259   Thumb Code    40  stm32l4xx_hal_tim.o(i.HAL_TIM_Base_Start_IT)
    HAL_TIM_IC_CaptureCallback               0x08001285   Thumb Code     2  stm32l4xx_hal_tim.o(i.HAL_TIM_IC_CaptureCallback)
    HAL_TIM_IRQHandler                       0x08001287   Thumb Code   388  stm32l4xx_hal_tim.o(i.HAL_TIM_IRQHandler)
    HAL_TIM_OC_DelayElapsedCallback          0x0800140b   Thumb Code     2  stm32l4xx_hal_tim.o(i.HAL_TIM_OC_DelayElapsedCallback)
    HAL_TIM_PWM_PulseFinishedCallback        0x0800140d   Thumb Code     2  stm32l4xx_hal_tim.o(i.HAL_TIM_PWM_PulseFinishedCallback)
    HAL_TIM_PeriodElapsedCallback            0x0800140f   Thumb Code     2  stm32l4xx_hal_tim.o(i.HAL_TIM_PeriodElapsedCallback)
    HAL_TIM_TriggerCallback                  0x08001411   Thumb Code     2  stm32l4xx_hal_tim.o(i.HAL_TIM_TriggerCallback)
    HAL_UART_Init                            0x08001413   Thumb Code   102  stm32l4xx_hal_uart.o(i.HAL_UART_Init)
    HAL_UART_MspInit                         0x08001479   Thumb Code     2  stm32l4xx_hal_uart.o(i.HAL_UART_MspInit)
    HAL_UART_Transmit                        0x0800147d   Thumb Code   182  stm32l4xx_hal_uart.o(i.HAL_UART_Transmit)
    HardFault_Handler                        0x08001533   Thumb Code     2  stm32l4xx_it.o(i.HardFault_Handler)
    MPU6050_Values                           0x08001855   Thumb Code   100  mrowdar.o(i.MPU6050_Values)
    MX_I2C_MspInit                           0x0800190d   Thumb Code    70  mrowdar.o(i.MX_I2C_MspInit)
    MX_USART2_MspInit                        0x0800195d   Thumb Code    82  mrowdar.o(i.MX_USART2_MspInit)
    MemManage_Handler                        0x080019f5   Thumb Code     2  stm32l4xx_it.o(i.MemManage_Handler)
    NMI_Handler                              0x080019f7   Thumb Code     2  stm32l4xx_it.o(i.NMI_Handler)
    PendSV_Handler                           0x080019f9   Thumb Code     2  stm32l4xx_it.o(i.PendSV_Handler)
    SVC_Handler                              0x08001a79   Thumb Code     2  stm32l4xx_it.o(i.SVC_Handler)
    SysTick_Handler                          0x08001a7b   Thumb Code     4  stm32l4xx_it.o(i.SysTick_Handler)
    SystemInit                               0x08001a81   Thumb Code    56  system_stm32l4xx.o(i.SystemInit)
    TIM2_IRQHandler                          0x08001ac5   Thumb Code    16  mrowdar.o(i.TIM2_IRQHandler)
    TIM_Base_SetConfig                       0x08001ad9   Thumb Code    94  stm32l4xx_hal_tim.o(i.TIM_Base_SetConfig)
    TIM_interrupt                            0x08001b45   Thumb Code   198  functions.o(i.TIM_interrupt)
    UART_AdvFeatureConfig                    0x08001c25   Thumb Code   200  stm32l4xx_hal_uart.o(i.UART_AdvFeatureConfig)
    UART_CheckIdleState                      0x08001ced   Thumb Code    88  stm32l4xx_hal_uart.o(i.UART_CheckIdleState)
    UART_SetConfig                           0x08001d45   Thumb Code   516  stm32l4xx_hal_uart.o(i.UART_SetConfig)
    UART_WaitOnFlagUntilTimeout              0x08001f6d   Thumb Code   164  stm32l4xx_hal_uart.o(i.UART_WaitOnFlagUntilTimeout)
    UsageFault_Handler                       0x08002011   Thumb Code     2  stm32l4xx_it.o(i.UsageFault_Handler)
    __0printf$1                              0x08002015   Thumb Code    22  printf1.o(i.__0printf$1)
    __1printf$1                              0x08002015   Thumb Code     0  printf1.o(i.__0printf$1)
    __2printf                                0x08002015   Thumb Code     0  printf1.o(i.__0printf$1)
    __scatterload_copy                       0x08002055   Thumb Code    14  handlers.o(i.__scatterload_copy)
    __scatterload_null                       0x08002063   Thumb Code     2  handlers.o(i.__scatterload_null)
    __scatterload_zeroinit                   0x08002065   Thumb Code    14  handlers.o(i.__scatterload_zeroinit)
    fputc                                    0x080021d1   Thumb Code    20  mrowdar.o(i.fputc)
    main                                     0x080021e9   Thumb Code   170  mrowdar.o(i.main)
    AHBPrescTable                            0x080022c0   Data          16  system_stm32l4xx.o(.constdata)
    MSIRangeTable                            0x080022d0   Data          48  system_stm32l4xx.o(.constdata)
    APBPrescTable                            0x08002300   Data           8  system_stm32l4xx.o(.constdata)
    Region$$Table$$Base                      0x08002308   Number         0  anon$$obj.o(Region$$Table)
    Region$$Table$$Limit                     0x08002328   Number         0  anon$$obj.o(Region$$Table)
    error_state                              0x20000000   Data           1  mrowdar.o(.data)
    comp_ok                                  0x20000001   Data           1  mrowdar.o(.data)
    x_acc                                    0x20000002   Data           2  mrowdar.o(.data)
    y_acc                                    0x20000004   Data           2  mrowdar.o(.data)
    z_acc                                    0x20000006   Data           2  mrowdar.o(.data)
    raw_data                                 0x20000008   Data           6  mrowdar.o(.data)
    SystemCoreClock                          0x20000010   Data           4  system_stm32l4xx.o(.data)
    uwTickPrio                               0x20000014   Data           4  stm32l4xx_hal.o(.data)
    uwTickFreq                               0x20000018   Data           4  stm32l4xx_hal.o(.data)
    uwTick                                   0x2000001c   Data           4  stm32l4xx_hal.o(.data)
    __stdout                                 0x20000020   Data           4  stdout.o(.data)
    hi2c1                                    0x20000024   Data          76  mrowdar.o(.bss)
    huart1                                   0x20000070   Data         128  mrowdar.o(.bss)
    huart2                                   0x200000f0   Data         128  mrowdar.o(.bss)
    TimInt2                                  0x20000170   Data          64  mrowdar.o(.bss)
    __initial_sp                             0x200005b0   Data           0  startup_stm32l432xx.o(STACK)



==============================================================================

Memory Map of the image

  Image Entry point : 0x0800018d

  Load Region LR_IROM1 (Base: 0x08000000, Size: 0x0000234c, Max: 0x00040000, ABSOLUTE)

    Execution Region ER_IROM1 (Exec base: 0x08000000, Load base: 0x08000000, Size: 0x00002328, Max: 0x00040000, ABSOLUTE)

    Exec Addr    Load Addr    Size         Type   Attr      Idx    E Section Name        Object

    0x08000000   0x08000000   0x0000018c   Data   RO          333    RESET               startup_stm32l432xx.o
    0x0800018c   0x0800018c   0x00000000   Code   RO         9079  * .ARM.Collect$$$$00000000  mc_w.l(entry.o)
    0x0800018c   0x0800018c   0x00000004   Code   RO         9382    .ARM.Collect$$$$00000001  mc_w.l(entry2.o)
    0x08000190   0x08000190   0x00000004   Code   RO         9385    .ARM.Collect$$$$00000004  mc_w.l(entry5.o)
    0x08000194   0x08000194   0x00000000   Code   RO         9387    .ARM.Collect$$$$00000008  mc_w.l(entry7b.o)
    0x08000194   0x08000194   0x00000000   Code   RO         9389    .ARM.Collect$$$$0000000A  mc_w.l(entry8b.o)
    0x08000194   0x08000194   0x00000008   Code   RO         9390    .ARM.Collect$$$$0000000B  mc_w.l(entry9a.o)
    0x0800019c   0x0800019c   0x00000000   Code   RO         9392    .ARM.Collect$$$$0000000D  mc_w.l(entry10a.o)
    0x0800019c   0x0800019c   0x00000000   Code   RO         9394    .ARM.Collect$$$$0000000F  mc_w.l(entry11a.o)
    0x0800019c   0x0800019c   0x00000004   Code   RO         9383    .ARM.Collect$$$$00002712  mc_w.l(entry2.o)
    0x080001a0   0x080001a0   0x00000024   Code   RO          334    .text               startup_stm32l432xx.o
    0x080001c4   0x080001c4   0x00000068   Code   RO         9082    .text               mc_w.l(uldiv.o)
    0x0800022c   0x0800022c   0x00000040   Code   RO         9086    .text               mc_w.l(memmovea.o)
    0x0800026c   0x0800026c   0x00000024   Code   RO         9088    .text               mc_w.l(memseta.o)
    0x08000290   0x08000290   0x0000002c   Code   RO         9397    .text               mc_w.l(uidiv.o)
    0x080002bc   0x080002bc   0x0000001e   Code   RO         9399    .text               mc_w.l(llshl.o)
    0x080002da   0x080002da   0x00000020   Code   RO         9401    .text               mc_w.l(llushr.o)
    0x080002fa   0x080002fa   0x00000002   PAD
    0x080002fc   0x080002fc   0x00000024   Code   RO         9421    .text               mc_w.l(init.o)
    0x08000320   0x08000320   0x00000002   Code   RO          341    i.BusFault_Handler  stm32l4xx_it.o
    0x08000322   0x08000322   0x00000002   Code   RO          342    i.DebugMon_Handler  stm32l4xx_it.o
    0x08000324   0x08000324   0x00000192   Code   RO         1831    i.HAL_GPIO_Init     stm32l4xx_hal_gpio.o
    0x080004b6   0x080004b6   0x00000002   PAD
    0x080004b8   0x080004b8   0x0000000c   Code   RO         7405    i.HAL_GetTick       stm32l4xx_hal.o
    0x080004c4   0x080004c4   0x000000b8   Code   RO         2313    i.HAL_I2C_Init      stm32l4xx_hal_i2c.o
    0x0800057c   0x0800057c   0x0000012a   Code   RO         2314    i.HAL_I2C_IsDeviceReady  stm32l4xx_hal_i2c.o
    0x080006a6   0x080006a6   0x00000002   PAD
    0x080006a8   0x080006a8   0x0000016a   Code   RO         2331    i.HAL_I2C_Mem_Read  stm32l4xx_hal_i2c.o
    0x08000812   0x08000812   0x00000002   PAD
    0x08000814   0x08000814   0x0000015e   Code   RO         2334    i.HAL_I2C_Mem_Write  stm32l4xx_hal_i2c.o
    0x08000972   0x08000972   0x00000002   Code   RO         2338    i.HAL_I2C_MspInit   stm32l4xx_hal_i2c.o
    0x08000974   0x08000974   0x00000010   Code   RO         7411    i.HAL_IncTick       stm32l4xx_hal.o
    0x08000984   0x08000984   0x0000001e   Code   RO         7412    i.HAL_Init          stm32l4xx_hal.o
    0x080009a2   0x080009a2   0x00000002   PAD
    0x080009a4   0x080009a4   0x00000044   Code   RO         7413    i.HAL_InitTick      stm32l4xx_hal.o
    0x080009e8   0x080009e8   0x00000002   Code   RO         7415    i.HAL_MspInit       stm32l4xx_hal.o
    0x080009ea   0x080009ea   0x0000001a   Code   RO         6105    i.HAL_NVIC_EnableIRQ  stm32l4xx_hal_cortex.o
    0x08000a04   0x08000a04   0x00000040   Code   RO         6111    i.HAL_NVIC_SetPriority  stm32l4xx_hal_cortex.o
    0x08000a44   0x08000a44   0x00000024   Code   RO         6112    i.HAL_NVIC_SetPriorityGrouping  stm32l4xx_hal_cortex.o
    0x08000a68   0x08000a68   0x00000010   Code   RO         3394    i.HAL_PWREx_GetVoltageRange  stm32l4xx_hal_pwr_ex.o
    0x08000a78   0x08000a78   0x00000120   Code   RO         3823    i.HAL_RCC_ClockConfig  stm32l4xx_hal_rcc.o
    0x08000b98   0x08000b98   0x00000024   Code   RO         3829    i.HAL_RCC_GetPCLK1Freq  stm32l4xx_hal_rcc.o
    0x08000bbc   0x08000bbc   0x00000024   Code   RO         3830    i.HAL_RCC_GetPCLK2Freq  stm32l4xx_hal_rcc.o
    0x08000be0   0x08000be0   0x000000a4   Code   RO         3831    i.HAL_RCC_GetSysClockFreq  stm32l4xx_hal_rcc.o
    0x08000c84   0x08000c84   0x0000056c   Code   RO         3834    i.HAL_RCC_OscConfig  stm32l4xx_hal_rcc.o
    0x080011f0   0x080011f0   0x00000028   Code   RO         6116    i.HAL_SYSTICK_Config  stm32l4xx_hal_cortex.o
    0x08001218   0x08001218   0x00000002   Code   RO         6910    i.HAL_TIMEx_Break2Callback  stm32l4xx_hal_tim_ex.o
    0x0800121a   0x0800121a   0x00000002   Code   RO         6911    i.HAL_TIMEx_BreakCallback  stm32l4xx_hal_tim_ex.o
    0x0800121c   0x0800121c   0x00000002   Code   RO         6912    i.HAL_TIMEx_CommutCallback  stm32l4xx_hal_tim_ex.o
    0x0800121e   0x0800121e   0x00000036   Code   RO         5162    i.HAL_TIM_Base_Init  stm32l4xx_hal_tim.o
    0x08001254   0x08001254   0x00000002   Code   RO         5164    i.HAL_TIM_Base_MspInit  stm32l4xx_hal_tim.o
    0x08001256   0x08001256   0x00000002   PAD
    0x08001258   0x08001258   0x0000002c   Code   RO         5167    i.HAL_TIM_Base_Start_IT  stm32l4xx_hal_tim.o
    0x08001284   0x08001284   0x00000002   Code   RO         5191    i.HAL_TIM_IC_CaptureCallback  stm32l4xx_hal_tim.o
    0x08001286   0x08001286   0x00000184   Code   RO         5205    i.HAL_TIM_IRQHandler  stm32l4xx_hal_tim.o
    0x0800140a   0x0800140a   0x00000002   Code   RO         5208    i.HAL_TIM_OC_DelayElapsedCallback  stm32l4xx_hal_tim.o
    0x0800140c   0x0800140c   0x00000002   Code   RO         5235    i.HAL_TIM_PWM_PulseFinishedCallback  stm32l4xx_hal_tim.o
    0x0800140e   0x0800140e   0x00000002   Code   RO         5243    i.HAL_TIM_PeriodElapsedCallback  stm32l4xx_hal_tim.o
    0x08001410   0x08001410   0x00000002   Code   RO         5248    i.HAL_TIM_TriggerCallback  stm32l4xx_hal_tim.o
    0x08001412   0x08001412   0x00000066   Code   RO         8374    i.HAL_UART_Init     stm32l4xx_hal_uart.o
    0x08001478   0x08001478   0x00000002   Code   RO         8376    i.HAL_UART_MspInit  stm32l4xx_hal_uart.o
    0x0800147a   0x0800147a   0x00000002   PAD
    0x0800147c   0x0800147c   0x000000b6   Code   RO         8383    i.HAL_UART_Transmit  stm32l4xx_hal_uart.o
    0x08001532   0x08001532   0x00000002   Code   RO          343    i.HardFault_Handler  stm32l4xx_it.o
    0x08001534   0x08001534   0x00000022   Code   RO         2360    i.I2C_Flush_TXDR    stm32l4xx_hal_i2c.o
    0x08001556   0x08001556   0x00000002   PAD
    0x08001558   0x08001558   0x00000084   Code   RO         2368    i.I2C_IsAcknowledgeFailed  stm32l4xx_hal_i2c.o
    0x080015dc   0x080015dc   0x00000064   Code   RO         2371    i.I2C_RequestMemoryRead  stm32l4xx_hal_i2c.o
    0x08001640   0x08001640   0x00000064   Code   RO         2372    i.I2C_RequestMemoryWrite  stm32l4xx_hal_i2c.o
    0x080016a4   0x080016a4   0x0000002c   Code   RO         2375    i.I2C_TransferConfig  stm32l4xx_hal_i2c.o
    0x080016d0   0x080016d0   0x00000058   Code   RO         2376    i.I2C_WaitOnFlagUntilTimeout  stm32l4xx_hal_i2c.o
    0x08001728   0x08001728   0x0000004c   Code   RO         2378    i.I2C_WaitOnSTOPFlagUntilTimeout  stm32l4xx_hal_i2c.o
    0x08001774   0x08001774   0x00000050   Code   RO         2379    i.I2C_WaitOnTXISFlagUntilTimeout  stm32l4xx_hal_i2c.o
    0x080017c4   0x080017c4   0x0000008e   Code   RO          421    i.MPU6050_Init      mrowdar.o
    0x08001852   0x08001852   0x00000002   PAD
    0x08001854   0x08001854   0x00000078   Code   RO          422    i.MPU6050_Values    mrowdar.o
    0x080018cc   0x080018cc   0x00000040   Code   RO          423    i.MX_I2C1_Init      mrowdar.o
    0x0800190c   0x0800190c   0x00000050   Code   RO          424    i.MX_I2C_MspInit    mrowdar.o
    0x0800195c   0x0800195c   0x00000058   Code   RO          425    i.MX_USART2_MspInit  mrowdar.o
    0x080019b4   0x080019b4   0x00000040   Code   RO          426    i.MX_USART2_UART_Init  mrowdar.o
    0x080019f4   0x080019f4   0x00000002   Code   RO          344    i.MemManage_Handler  stm32l4xx_it.o
    0x080019f6   0x080019f6   0x00000002   Code   RO          345    i.NMI_Handler       stm32l4xx_it.o
    0x080019f8   0x080019f8   0x00000002   Code   RO          346    i.PendSV_Handler    stm32l4xx_it.o
    0x080019fa   0x080019fa   0x00000002   PAD
    0x080019fc   0x080019fc   0x0000007c   Code   RO         3835    i.RCC_SetFlashLatencyFromMSIRange  stm32l4xx_hal_rcc.o
    0x08001a78   0x08001a78   0x00000002   Code   RO          347    i.SVC_Handler       stm32l4xx_it.o
    0x08001a7a   0x08001a7a   0x00000004   Code   RO          348    i.SysTick_Handler   stm32l4xx_it.o
    0x08001a7e   0x08001a7e   0x00000002   PAD
    0x08001a80   0x08001a80   0x00000044   Code   RO          559    i.SystemInit        system_stm32l4xx.o
    0x08001ac4   0x08001ac4   0x00000014   Code   RO          427    i.TIM2_IRQHandler   mrowdar.o
    0x08001ad8   0x08001ad8   0x0000006c   Code   RO         5250    i.TIM_Base_SetConfig  stm32l4xx_hal_tim.o
    0x08001b44   0x08001b44   0x000000e0   Code   RO          529    i.TIM_interrupt     functions.o
    0x08001c24   0x08001c24   0x000000c8   Code   RO         8388    i.UART_AdvFeatureConfig  stm32l4xx_hal_uart.o
    0x08001cec   0x08001cec   0x00000058   Code   RO         8389    i.UART_CheckIdleState  stm32l4xx_hal_uart.o
    0x08001d44   0x08001d44   0x00000228   Code   RO         8404    i.UART_SetConfig    stm32l4xx_hal_uart.o
    0x08001f6c   0x08001f6c   0x000000a4   Code   RO         8407    i.UART_WaitOnFlagUntilTimeout  stm32l4xx_hal_uart.o
    0x08002010   0x08002010   0x00000002   Code   RO          349    i.UsageFault_Handler  stm32l4xx_it.o
    0x08002012   0x08002012   0x00000002   PAD
    0x08002014   0x08002014   0x00000020   Code   RO         9139    i.__0printf$1       mc_w.l(printf1.o)
    0x08002034   0x08002034   0x00000020   Code   RO         6118    i.__NVIC_SetPriority  stm32l4xx_hal_cortex.o
    0x08002054   0x08002054   0x0000000e   Code   RO         9427    i.__scatterload_copy  mc_w.l(handlers.o)
    0x08002062   0x08002062   0x00000002   Code   RO         9428    i.__scatterload_null  mc_w.l(handlers.o)
    0x08002064   0x08002064   0x0000000e   Code   RO         9429    i.__scatterload_zeroinit  mc_w.l(handlers.o)
    0x08002072   0x08002072   0x00000002   PAD
    0x08002074   0x08002074   0x0000015a   Code   RO         9146    i._printf_core      mc_w.l(printf1.o)
    0x080021ce   0x080021ce   0x00000002   PAD
    0x080021d0   0x080021d0   0x00000018   Code   RO          428    i.fputc             mrowdar.o
    0x080021e8   0x080021e8   0x000000d8   Code   RO          429    i.main              mrowdar.o
    0x080022c0   0x080022c0   0x00000040   Data   RO          560    .constdata          system_stm32l4xx.o
    0x08002300   0x08002300   0x00000008   Data   RO          561    .constdata          system_stm32l4xx.o
    0x08002308   0x08002308   0x00000020   Data   RO         9425    Region$$Table       anon$$obj.o


    Execution Region RW_IRAM1 (Exec base: 0x20000000, Load base: 0x08002328, Size: 0x000005b0, Max: 0x0000c000, ABSOLUTE)

    Exec Addr    Load Addr    Size         Type   Attr      Idx    E Section Name        Object

    0x20000000   0x08002328   0x0000000e   Data   RW          431    .data               mrowdar.o
    0x2000000e   0x08002336   0x00000002   PAD
    0x20000010   0x08002338   0x00000004   Data   RW          562    .data               system_stm32l4xx.o
    0x20000014   0x0800233c   0x0000000c   Data   RW         7424    .data               stm32l4xx_hal.o
    0x20000020   0x08002348   0x00000004   Data   RW         9396    .data               mc_w.l(stdout.o)
    0x20000024        -       0x0000018c   Zero   RW          430    .bss                mrowdar.o
    0x200001b0        -       0x00000400   Zero   RW          331    STACK               startup_stm32l432xx.o


==============================================================================

Image component sizes


      Code (inc. data)   RO Data    RW Data    ZI Data      Debug   Object Name

       224         26          0          0          0       2145   functions.o
       818        126          0         14        396       8440   mrowdar.o
        36          8        396          0       1024        900   startup_stm32l432xx.o
       128         20          0         12          0       4915   stm32l4xx_hal.o
       198         14          0          0          0      34659   stm32l4xx_hal_cortex.o
       402         20          0          0          0       1984   stm32l4xx_hal_gpio.o
      1850         50          0          0          0      15136   stm32l4xx_hal_i2c.o
        16          6          0          0          0        692   stm32l4xx_hal_pwr_ex.o
      2036         98          0          0          0       7796   stm32l4xx_hal_rcc.o
       606         18          0          0          0       9036   stm32l4xx_hal_tim.o
         6          0          0          0          0       2616   stm32l4xx_hal_tim_ex.o
      1290         56          0          0          0       8012   stm32l4xx_hal_uart.o
        20          0          0          0          0       4934   stm32l4xx_it.o
         0          0          0          0          0     662864   stm32l4xx_nucleo_32.o
        68         12         72          4          0       1501   system_stm32l4xx.o

    ----------------------------------------------------------------------
      7720        454        500         32       1420     765630   Object Totals
         0          0         32          0          0          0   (incl. Generated)
        22          0          0          2          0          0   (incl. Padding)

    ----------------------------------------------------------------------

      Code (inc. data)   RO Data    RW Data    ZI Data      Debug   Library Member Name

         0          0          0          0          0          0   entry.o
         0          0          0          0          0          0   entry10a.o
         0          0          0          0          0          0   entry11a.o
         8          4          0          0          0          0   entry2.o
         4          0          0          0          0          0   entry5.o
         0          0          0          0          0          0   entry7b.o
         0          0          0          0          0          0   entry8b.o
         8          4          0          0          0          0   entry9a.o
        30          0          0          0          0          0   handlers.o
        36          8          0          0          0         68   init.o
        30          0          0          0          0         68   llshl.o
        32          0          0          0          0         68   llushr.o
        64          0          0          0          0         76   memmovea.o
        36          0          0          0          0        108   memseta.o
       378         14          0          0          0        184   printf1.o
         0          0          0          4          0          0   stdout.o
        44          0          0          0          0         80   uidiv.o
       104          0          0          0          0         92   uldiv.o

    ----------------------------------------------------------------------
       780         30          0          4          0        744   Library Totals
         6          0          0          0          0          0   (incl. Padding)

    ----------------------------------------------------------------------

      Code (inc. data)   RO Data    RW Data    ZI Data      Debug   Library Name

       774         30          0          4          0        744   mc_w.l

    ----------------------------------------------------------------------
       780         30          0          4          0        744   Library Totals

    ----------------------------------------------------------------------

==============================================================================


      Code (inc. data)   RO Data    RW Data    ZI Data      Debug   

      8500        484        500         36       1420     759766   Grand Totals
      8500        484        500         36       1420     759766   ELF Image Totals
      8500        484        500         36          0          0   ROM Totals

==============================================================================

    Total RO  Size (Code + RO Data)                 9000 (   8.79kB)
    Total RW  Size (RW Data + ZI Data)              1456 (   1.42kB)
    Total ROM Size (Code + RO Data + RW Data)       9036 (   8.82kB)

==============================================================================

